Archive member included to satisfy reference by file (symbol)

d:/st/stm32cubeide_1.9.0/stm32cubeide/plugins/com.st.stm32cube.ide.mcu.externaltools.gnu-tools-for-stm32.10.3-2021.10.win32_1.0.0.202111181127/tools/bin/../lib/gcc/arm-none-eabi/10.3.1/../../../../arm-none-eabi/lib/thumb/v6-m/nofp\libc_nano.a(lib_a-errno.o)
                              ./Core/Src/syscalls.o (__errno)
d:/st/stm32cubeide_1.9.0/stm32cubeide/plugins/com.st.stm32cube.ide.mcu.externaltools.gnu-tools-for-stm32.10.3-2021.10.win32_1.0.0.202111181127/tools/bin/../lib/gcc/arm-none-eabi/10.3.1/../../../../arm-none-eabi/lib/thumb/v6-m/nofp\libc_nano.a(lib_a-exit.o)
                              d:/st/stm32cubeide_1.9.0/stm32cubeide/plugins/com.st.stm32cube.ide.mcu.externaltools.gnu-tools-for-stm32.10.3-2021.10.win32_1.0.0.202111181127/tools/bin/../lib/gcc/arm-none-eabi/10.3.1/../../../../arm-none-eabi/lib/thumb/v6-m/nofp/crt0.o (exit)
d:/st/stm32cubeide_1.9.0/stm32cubeide/plugins/com.st.stm32cube.ide.mcu.externaltools.gnu-tools-for-stm32.10.3-2021.10.win32_1.0.0.202111181127/tools/bin/../lib/gcc/arm-none-eabi/10.3.1/../../../../arm-none-eabi/lib/thumb/v6-m/nofp\libc_nano.a(lib_a-impure.o)
                              d:/st/stm32cubeide_1.9.0/stm32cubeide/plugins/com.st.stm32cube.ide.mcu.externaltools.gnu-tools-for-stm32.10.3-2021.10.win32_1.0.0.202111181127/tools/bin/../lib/gcc/arm-none-eabi/10.3.1/../../../../arm-none-eabi/lib/thumb/v6-m/nofp\libc_nano.a(lib_a-exit.o) (_global_impure_ptr)
d:/st/stm32cubeide_1.9.0/stm32cubeide/plugins/com.st.stm32cube.ide.mcu.externaltools.gnu-tools-for-stm32.10.3-2021.10.win32_1.0.0.202111181127/tools/bin/../lib/gcc/arm-none-eabi/10.3.1/../../../../arm-none-eabi/lib/thumb/v6-m/nofp\libc_nano.a(lib_a-init.o)
                              d:/st/stm32cubeide_1.9.0/stm32cubeide/plugins/com.st.stm32cube.ide.mcu.externaltools.gnu-tools-for-stm32.10.3-2021.10.win32_1.0.0.202111181127/tools/bin/../lib/gcc/arm-none-eabi/10.3.1/../../../../arm-none-eabi/lib/thumb/v6-m/nofp/crt0.o (__libc_init_array)
d:/st/stm32cubeide_1.9.0/stm32cubeide/plugins/com.st.stm32cube.ide.mcu.externaltools.gnu-tools-for-stm32.10.3-2021.10.win32_1.0.0.202111181127/tools/bin/../lib/gcc/arm-none-eabi/10.3.1/../../../../arm-none-eabi/lib/thumb/v6-m/nofp\libc_nano.a(lib_a-memset.o)
                              d:/st/stm32cubeide_1.9.0/stm32cubeide/plugins/com.st.stm32cube.ide.mcu.externaltools.gnu-tools-for-stm32.10.3-2021.10.win32_1.0.0.202111181127/tools/bin/../lib/gcc/arm-none-eabi/10.3.1/../../../../arm-none-eabi/lib/thumb/v6-m/nofp/crt0.o (memset)
d:/st/stm32cubeide_1.9.0/stm32cubeide/plugins/com.st.stm32cube.ide.mcu.externaltools.gnu-tools-for-stm32.10.3-2021.10.win32_1.0.0.202111181127/tools/bin/../lib/gcc/arm-none-eabi/10.3.1/thumb/v6-m/nofp\libgcc.a(_udivsi3.o)
                              ./Core/Src/system_stm32f0xx.o (__aeabi_uidiv)
d:/st/stm32cubeide_1.9.0/stm32cubeide/plugins/com.st.stm32cube.ide.mcu.externaltools.gnu-tools-for-stm32.10.3-2021.10.win32_1.0.0.202111181127/tools/bin/../lib/gcc/arm-none-eabi/10.3.1/thumb/v6-m/nofp\libgcc.a(_divsi3.o)
                              ./Core/Src/GFX_FUNCTIONS.o (__aeabi_idiv)
d:/st/stm32cubeide_1.9.0/stm32cubeide/plugins/com.st.stm32cube.ide.mcu.externaltools.gnu-tools-for-stm32.10.3-2021.10.win32_1.0.0.202111181127/tools/bin/../lib/gcc/arm-none-eabi/10.3.1/thumb/v6-m/nofp\libgcc.a(_dvmd_tls.o)
                              d:/st/stm32cubeide_1.9.0/stm32cubeide/plugins/com.st.stm32cube.ide.mcu.externaltools.gnu-tools-for-stm32.10.3-2021.10.win32_1.0.0.202111181127/tools/bin/../lib/gcc/arm-none-eabi/10.3.1/thumb/v6-m/nofp\libgcc.a(_udivsi3.o) (__aeabi_idiv0)

Discarded input sections

 .text          0x0000000000000000        0x0 d:/st/stm32cubeide_1.9.0/stm32cubeide/plugins/com.st.stm32cube.ide.mcu.externaltools.gnu-tools-for-stm32.10.3-2021.10.win32_1.0.0.202111181127/tools/bin/../lib/gcc/arm-none-eabi/10.3.1/thumb/v6-m/nofp/crti.o
 .data          0x0000000000000000        0x0 d:/st/stm32cubeide_1.9.0/stm32cubeide/plugins/com.st.stm32cube.ide.mcu.externaltools.gnu-tools-for-stm32.10.3-2021.10.win32_1.0.0.202111181127/tools/bin/../lib/gcc/arm-none-eabi/10.3.1/thumb/v6-m/nofp/crti.o
 .bss           0x0000000000000000        0x0 d:/st/stm32cubeide_1.9.0/stm32cubeide/plugins/com.st.stm32cube.ide.mcu.externaltools.gnu-tools-for-stm32.10.3-2021.10.win32_1.0.0.202111181127/tools/bin/../lib/gcc/arm-none-eabi/10.3.1/thumb/v6-m/nofp/crti.o
 .data          0x0000000000000000        0x4 d:/st/stm32cubeide_1.9.0/stm32cubeide/plugins/com.st.stm32cube.ide.mcu.externaltools.gnu-tools-for-stm32.10.3-2021.10.win32_1.0.0.202111181127/tools/bin/../lib/gcc/arm-none-eabi/10.3.1/thumb/v6-m/nofp/crtbegin.o
 .rodata        0x0000000000000000       0x24 d:/st/stm32cubeide_1.9.0/stm32cubeide/plugins/com.st.stm32cube.ide.mcu.externaltools.gnu-tools-for-stm32.10.3-2021.10.win32_1.0.0.202111181127/tools/bin/../lib/gcc/arm-none-eabi/10.3.1/thumb/v6-m/nofp/crtbegin.o
[...]
Memory Configuration

Name             Origin             Length             Attributes
RAM              0x0000000020000000 0x0000000000008000 xrw
FLASH            0x0000000008000000 0x0000000000040000 xr
*default*        0x0000000000000000 0xffffffffffffffff

Linker script and memory map

LOAD d:/st/stm32cubeide_1.9.0/stm32cubeide/plugins/com.st.stm32cube.ide.mcu.externaltools.gnu-tools-for-stm32.10.3-2021.10.win32_1.0.0.202111181127/tools/bin/../lib/gcc/arm-none-eabi/10.3.1/thumb/v6-m/nofp/crti.o
LOAD d:/st/stm32cubeide_1.9.0/stm32cubeide/plugins/com.st.stm32cube.ide.mcu.externaltools.gnu-tools-for-stm32.10.3-2021.10.win32_1.0.0.202111181127/tools/bin/../lib/gcc/arm-none-eabi/10.3.1/thumb/v6-m/nofp/crtbegin.o
LOAD d:/st/stm32cubeide_1.9.0/stm32cubeide/plugins/com.st.stm32cube.ide.mcu.externaltools.gnu-tools-for-stm32.10.3-2021.10.win32_1.0.0.202111181127/tools/bin/../lib/gcc/arm-none-eabi/10.3.1/../../../../arm-none-eabi/lib/thumb/v6-m/nofp/crt0.o
LOAD ./Core/Src/GFX_FUNCTIONS.o
LOAD ./Core/Src/ST7735.o
LOAD ./Core/Src/fonts.o
LOAD ./Core/Src/main.o
LOAD ./Core/Src/stm32f0xx_hal_msp.o
LOAD ./Core/Src/stm32f0xx_it.o
LOAD ./Core/Src/syscalls.o
LOAD ./Core/Src/sysmem.o
LOAD ./Core/Src/system_stm32f0xx.o
LOAD ./Core/Startup/startup_stm32f030cctx.o
LOAD ./Drivers/STM32F0xx_HAL_Driver/Src/stm32f0xx_hal.o
LOAD ./Drivers/STM32F0xx_HAL_Driver/Src/stm32f0xx_hal_adc.o
LOAD ./Drivers/STM32F0xx_HAL_Driver/Src/stm32f0xx_hal_adc_ex.o
LOAD ./Drivers/STM32F0xx_HAL_Driver/Src/stm32f0xx_hal_cortex.o
LOAD ./Drivers/STM32F0xx_HAL_Driver/Src/stm32f0xx_hal_dma.o
LOAD ./Drivers/STM32F0xx_HAL_Driver/Src/stm32f0xx_hal_exti.o
LOAD ./Drivers/STM32F0xx_HAL_Driver/Src/stm32f0xx_hal_flash.o
LOAD ./Drivers/STM32F0xx_HAL_Driver/Src/stm32f0xx_hal_flash_ex.o
LOAD ./Drivers/STM32F0xx_HAL_Driver/Src/stm32f0xx_hal_gpio.o
LOAD ./Drivers/STM32F0xx_HAL_Driver/Src/stm32f0xx_hal_i2c.o
LOAD ./Drivers/STM32F0xx_HAL_Driver/Src/stm32f0xx_hal_i2c_ex.o
LOAD ./Drivers/STM32F0xx_HAL_Driver/Src/stm32f0xx_hal_pwr.o
LOAD ./Drivers/STM32F0xx_HAL_Driver/Src/stm32f0xx_hal_pwr_ex.o
LOAD ./Drivers/STM32F0xx_HAL_Driver/Src/stm32f0xx_hal_rcc.o
LOAD ./Drivers/STM32F0xx_HAL_Driver/Src/stm32f0xx_hal_rcc_ex.o
LOAD ./Drivers/STM32F0xx_HAL_Driver/Src/stm32f0xx_hal_spi.o
LOAD ./Drivers/STM32F0xx_HAL_Driver/Src/stm32f0xx_hal_spi_ex.o
LOAD ./Drivers/STM32F0xx_HAL_Driver/Src/stm32f0xx_hal_tim.o
LOAD ./Drivers/STM32F0xx_HAL_Driver/Src/stm32f0xx_hal_tim_ex.o
START GROUP
LOAD d:/st/stm32cubeide_1.9.0/stm32cubeide/plugins/com.st.stm32cube.ide.mcu.externaltools.gnu-tools-for-stm32.10.3-2021.10.win32_1.0.0.202111181127/tools/bin/../lib/gcc/arm-none-eabi/10.3.1/../../../../arm-none-eabi/lib/thumb/v6-m/nofp\libc_nano.a
LOAD d:/st/stm32cubeide_1.9.0/stm32cubeide/plugins/com.st.stm32cube.ide.mcu.externaltools.gnu-tools-for-stm32.10.3-2021.10.win32_1.0.0.202111181127/tools/bin/../lib/gcc/arm-none-eabi/10.3.1/../../../../arm-none-eabi/lib/thumb/v6-m/nofp\libm.a
END GROUP
START GROUP
LOAD d:/st/stm32cubeide_1.9.0/stm32cubeide/plugins/com.st.stm32cube.ide.mcu.externaltools.gnu-tools-for-stm32.10.3-2021.10.win32_1.0.0.202111181127/tools/bin/../lib/gcc/arm-none-eabi/10.3.1/thumb/v6-m/nofp\libgcc.a
LOAD d:/st/stm32cubeide_1.9.0/stm32cubeide/plugins/com.st.stm32cube.ide.mcu.externaltools.gnu-tools-for-stm32.10.3-2021.10.win32_1.0.0.202111181127/tools/bin/../lib/gcc/arm-none-eabi/10.3.1/../../../../arm-none-eabi/lib/thumb/v6-m/nofp\libc_nano.a
END GROUP
START GROUP
LOAD d:/st/stm32cubeide_1.9.0/stm32cubeide/plugins/com.st.stm32cube.ide.mcu.externaltools.gnu-tools-for-stm32.10.3-2021.10.win32_1.0.0.202111181127/tools/bin/../lib/gcc/arm-none-eabi/10.3.1/thumb/v6-m/nofp\libgcc.a
LOAD d:/st/stm32cubeide_1.9.0/stm32cubeide/plugins/com.st.stm32cube.ide.mcu.externaltools.gnu-tools-for-stm32.10.3-2021.10.win32_1.0.0.202111181127/tools/bin/../lib/gcc/arm-none-eabi/10.3.1/../../../../arm-none-eabi/lib/thumb/v6-m/nofp\libc_nano.a
LOAD d:/st/stm32cubeide_1.9.0/stm32cubeide/plugins/com.st.stm32cube.ide.mcu.externaltools.gnu-tools-for-stm32.10.3-2021.10.win32_1.0.0.202111181127/tools/bin/../lib/gcc/arm-none-eabi/10.3.1/../../../../arm-none-eabi/lib/thumb/v6-m/nofp\libnosys.a
END GROUP
START GROUP
LOAD d:/st/stm32cubeide_1.9.0/stm32cubeide/plugins/com.st.stm32cube.ide.mcu.externaltools.gnu-tools-for-stm32.10.3-2021.10.win32_1.0.0.202111181127/tools/bin/../lib/gcc/arm-none-eabi/10.3.1/thumb/v6-m/nofp\libgcc.a
LOAD d:/st/stm32cubeide_1.9.0/stm32cubeide/plugins/com.st.stm32cube.ide.mcu.externaltools.gnu-tools-for-stm32.10.3-2021.10.win32_1.0.0.202111181127/tools/bin/../lib/gcc/arm-none-eabi/10.3.1/../../../../arm-none-eabi/lib/thumb/v6-m/nofp\libc_nano.a
LOAD d:/st/stm32cubeide_1.9.0/stm32cubeide/plugins/com.st.stm32cube.ide.mcu.externaltools.gnu-tools-for-stm32.10.3-2021.10.win32_1.0.0.202111181127/tools/bin/../lib/gcc/arm-none-eabi/10.3.1/../../../../arm-none-eabi/lib/thumb/v6-m/nofp\libnosys.a
END GROUP
LOAD d:/st/stm32cubeide_1.9.0/stm32cubeide/plugins/com.st.stm32cube.ide.mcu.externaltools.gnu-tools-for-stm32.10.3-2021.10.win32_1.0.0.202111181127/tools/bin/../lib/gcc/arm-none-eabi/10.3.1/thumb/v6-m/nofp/crtend.o
LOAD d:/st/stm32cubeide_1.9.0/stm32cubeide/plugins/com.st.stm32cube.ide.mcu.externaltools.gnu-tools-for-stm32.10.3-2021.10.win32_1.0.0.202111181127/tools/bin/../lib/gcc/arm-none-eabi/10.3.1/thumb/v6-m/nofp/crtn.o
                0x0000000020008000                _estack = (ORIGIN (RAM) + LENGTH (RAM))
                0x0000000000000200                _Min_Heap_Size = 0x200
                0x0000000000000400                _Min_Stack_Size = 0x400

.isr_vector     0x0000000008000000       0xbc
                0x0000000008000000                . = ALIGN (0x4)
 *(.isr_vector)
 .isr_vector    0x0000000008000000       0xbc ./Core/Startup/startup_stm32f030cctx.o
                0x0000000008000000                g_pfnVectors
                0x00000000080000bc                . = ALIGN (0x4)

.text           0x00000000080000bc     0x2900
                0x00000000080000bc                . = ALIGN (0x4)
 *(.text)
 .text          0x00000000080000bc       0x48 d:/st/stm32cubeide_1.9.0/stm32cubeide/plugins/com.st.stm32cube.ide.mcu.externaltools.gnu-tools-for-stm32.10.3-2021.10.win32_1.0.0.202111181127/tools/bin/../lib/gcc/arm-none-eabi/10.3.1/thumb/v6-m/nofp/crtbegin.o
 .text          0x0000000008000104      0x114 d:/st/stm32cubeide_1.9.0/stm32cubeide/plugins/com.st.stm32cube.ide.mcu.externaltools.gnu-tools-for-stm32.10.3-2021.10.win32_1.0.0.202111181127/tools/bin/../lib/gcc/arm-none-eabi/10.3.1/thumb/v6-m/nofp\libgcc.a(_udivsi3.o)
                0x0000000008000104                __aeabi_uidiv
                0x0000000008000104                __udivsi3
                0x0000000008000210                __aeabi_uidivmod
 .text          0x0000000008000218        0x4 d:/st/stm32cubeide_1.9.0/stm32cubeide/plugins/com.st.stm32cube.ide.mcu.externaltools.gnu-tools-for-stm32.10.3-2021.10.win32_1.0.0.202111181127/tools/bin/../lib/gcc/arm-none-eabi/10.3.1/thumb/v6-m/nofp\libgcc.a(_dvmd_tls.o)
                0x0000000008000218                __aeabi_idiv0
                0x0000000008000218                __aeabi_ldiv0
 *(.text*)
 .text.fillRect
                0x000000000800021c       0x4c ./Core/Src/GFX_FUNCTIONS.o
                0x000000000800021c                fillRect
 .text.fillScreen
                0x0000000008000268       0x38 ./Core/Src/GFX_FUNCTIONS.o
                0x0000000008000268                fillScreen
 .text.ST7735_Select
                0x00000000080002a0       0x1c ./Core/Src/ST7735.o
                0x00000000080002a0                ST7735_Select
 .text.ST7735_Unselect
                0x00000000080002bc       0x1c ./Core/Src/ST7735.o
                0x00000000080002bc                ST7735_Unselect
 .text.ST7735_Reset
                0x00000000080002d8       0x2c ./Core/Src/ST7735.o
                0x00000000080002d8                ST7735_Reset
 .text.ST7735_WriteCommand
                0x0000000008000304       0x38 ./Core/Src/ST7735.o
                0x0000000008000304                ST7735_WriteCommand
 .text.ST7735_WriteData
                0x000000000800033c       0x38 ./Core/Src/ST7735.o
                0x000000000800033c                ST7735_WriteData
 .text.DisplayInit
                0x0000000008000374       0xc8 ./Core/Src/ST7735.o
                0x0000000008000374                DisplayInit
 .text.ST7735_SetAddressWindow
                0x000000000800043c       0xb0 ./Core/Src/ST7735.o
                0x000000000800043c                ST7735_SetAddressWindow
 .text.ST7735_Init
                0x00000000080004ec       0x64 ./Core/Src/ST7735.o
                0x00000000080004ec                ST7735_Init
 .text.ST7735_SetRotation
                0x0000000008000550      0x114 ./Core/Src/ST7735.o
                0x0000000008000550                ST7735_SetRotation
 .text.ST7735_WriteChar
                0x0000000008000664      0x138 ./Core/Src/ST7735.o
                0x0000000008000664                ST7735_WriteChar
 .text.ST7735_WriteString
                0x000000000800079c      0x124 ./Core/Src/ST7735.o
                0x000000000800079c                ST7735_WriteString
 .text.ST7735_FillRectangle
                0x00000000080008c0      0x160 ./Core/Src/ST7735.o
                0x00000000080008c0                ST7735_FillRectangle
 .text.main     0x0000000008000a20      0x118 ./Core/Src/main.o
                0x0000000008000a20                main
 .text.SystemClock_Config
                0x0000000008000b38       0xa2 ./Core/Src/main.o
                0x0000000008000b38                SystemClock_Config
 *fill*         0x0000000008000bda        0x2 
 .text.MX_ADC_Init
                0x0000000008000bdc       0xb8 ./Core/Src/main.o
 .text.MX_SPI1_Init
                0x0000000008000c94       0x7c ./Core/Src/main.o
 .text.MX_GPIO_Init
                0x0000000008000d10       0x94 ./Core/Src/main.o
 .text.Error_Handler
                0x0000000008000da4        0xa ./Core/Src/main.o
                0x0000000008000da4                Error_Handler
 *fill*         0x0000000008000dae        0x2 
 .text.HAL_MspInit
                0x0000000008000db0       0x48 ./Core/Src/stm32f0xx_hal_msp.o
                0x0000000008000db0                HAL_MspInit
 .text.HAL_ADC_MspInit
                0x0000000008000df8       0x8c ./Core/Src/stm32f0xx_hal_msp.o
                0x0000000008000df8                HAL_ADC_MspInit
 .text.HAL_SPI_MspInit
                0x0000000008000e84       0x98 ./Core/Src/stm32f0xx_hal_msp.o
                0x0000000008000e84                HAL_SPI_MspInit
 .text.NMI_Handler
                0x0000000008000f1c        0x6 ./Core/Src/stm32f0xx_it.o
                0x0000000008000f1c                NMI_Handler
 .text.HardFault_Handler
                0x0000000008000f22        0x6 ./Core/Src/stm32f0xx_it.o
                0x0000000008000f22                HardFault_Handler
 .text.SVC_Handler
                0x0000000008000f28        0xa ./Core/Src/stm32f0xx_it.o
                0x0000000008000f28                SVC_Handler
 .text.PendSV_Handler
                0x0000000008000f32        0xa ./Core/Src/stm32f0xx_it.o
                0x0000000008000f32                PendSV_Handler
 .text.SysTick_Handler
                0x0000000008000f3c        0xe ./Core/Src/stm32f0xx_it.o
                0x0000000008000f3c                SysTick_Handler
 .text.SystemInit
                0x0000000008000f4a        0xa ./Core/Src/system_stm32f0xx.o
                0x0000000008000f4a                SystemInit
 .text.Reset_Handler
                0x0000000008000f54       0x50 ./Core/Startup/startup_stm32f030cctx.o
                0x0000000008000f54                Reset_Handler
 .text.Default_Handler
                0x0000000008000fa4        0x2 ./Core/Startup/startup_stm32f030cctx.o
                0x0000000008000fa4                TIM1_CC_IRQHandler
                0x0000000008000fa4                TIM6_IRQHandler
                0x0000000008000fa4                I2C1_IRQHandler
                0x0000000008000fa4                SPI1_IRQHandler
                0x0000000008000fa4                EXTI2_3_IRQHandler
                0x0000000008000fa4                ADC1_IRQHandler
                0x0000000008000fa4                I2C2_IRQHandler
                0x0000000008000fa4                USART3_6_IRQHandler
                0x0000000008000fa4                TIM17_IRQHandler
                0x0000000008000fa4                RTC_IRQHandler
                0x0000000008000fa4                TIM16_IRQHandler
                0x0000000008000fa4                TIM3_IRQHandler
                0x0000000008000fa4                EXTI4_15_IRQHandler
                0x0000000008000fa4                RCC_IRQHandler
                0x0000000008000fa4                DMA1_Channel1_IRQHandler
                0x0000000008000fa4                Default_Handler
                0x0000000008000fa4                TIM14_IRQHandler
                0x0000000008000fa4                DMA1_Channel4_5_IRQHandler
                0x0000000008000fa4                TIM7_IRQHandler
                0x0000000008000fa4                TIM15_IRQHandler
                0x0000000008000fa4                EXTI0_1_IRQHandler
                0x0000000008000fa4                SPI2_IRQHandler
                0x0000000008000fa4                WWDG_IRQHandler
                0x0000000008000fa4                DMA1_Channel2_3_IRQHandler
                0x0000000008000fa4                USART2_IRQHandler
                0x0000000008000fa4                FLASH_IRQHandler
                0x0000000008000fa4                USART1_IRQHandler
                0x0000000008000fa4                TIM1_BRK_UP_TRG_COM_IRQHandler
 *fill*         0x0000000008000fa6        0x2 
 .text.HAL_Init
                0x0000000008000fa8       0x28 ./Drivers/STM32F0xx_HAL_Driver/Src/stm32f0xx_hal.o
                0x0000000008000fa8                HAL_Init
 .text.HAL_InitTick
                0x0000000008000fd0       0x68 ./Drivers/STM32F0xx_HAL_Driver/Src/stm32f0xx_hal.o
                0x0000000008000fd0                HAL_InitTick
 .text.HAL_IncTick
                0x0000000008001038       0x24 ./Drivers/STM32F0xx_HAL_Driver/Src/stm32f0xx_hal.o
                0x0000000008001038                HAL_IncTick
 .text.HAL_GetTick
                0x000000000800105c       0x14 ./Drivers/STM32F0xx_HAL_Driver/Src/stm32f0xx_hal.o
                0x000000000800105c                HAL_GetTick
 .text.HAL_Delay
                0x0000000008001070       0x48 ./Drivers/STM32F0xx_HAL_Driver/Src/stm32f0xx_hal.o
                0x0000000008001070                HAL_Delay
 .text.HAL_ADC_Init
                0x00000000080010b8      0x280 ./Drivers/STM32F0xx_HAL_Driver/Src/stm32f0xx_hal_adc.o
                0x00000000080010b8                HAL_ADC_Init
 .text.HAL_ADC_ConfigChannel
                0x0000000008001338      0x1ec ./Drivers/STM32F0xx_HAL_Driver/Src/stm32f0xx_hal_adc.o
                0x0000000008001338                HAL_ADC_ConfigChannel
 .text.__NVIC_SetPriority
                0x0000000008001524       0xdc ./Drivers/STM32F0xx_HAL_Driver/Src/stm32f0xx_hal_cortex.o
 .text.SysTick_Config
                0x0000000008001600       0x48 ./Drivers/STM32F0xx_HAL_Driver/Src/stm32f0xx_hal_cortex.o
 .text.HAL_NVIC_SetPriority
                0x0000000008001648       0x2a ./Drivers/STM32F0xx_HAL_Driver/Src/stm32f0xx_hal_cortex.o
                0x0000000008001648                HAL_NVIC_SetPriority
 .text.HAL_SYSTICK_Config
                0x0000000008001672       0x1a ./Drivers/STM32F0xx_HAL_Driver/Src/stm32f0xx_hal_cortex.o
                0x0000000008001672                HAL_SYSTICK_Config
 .text.HAL_GPIO_Init
                0x000000000800168c      0x2e0 ./Drivers/STM32F0xx_HAL_Driver/Src/stm32f0xx_hal_gpio.o
                0x000000000800168c                HAL_GPIO_Init
 .text.HAL_GPIO_WritePin
                0x000000000800196c       0x3a ./Drivers/STM32F0xx_HAL_Driver/Src/stm32f0xx_hal_gpio.o
                0x000000000800196c                HAL_GPIO_WritePin
 *fill*         0x00000000080019a6        0x2 
 .text.HAL_RCC_OscConfig
                0x00000000080019a8      0x63c ./Drivers/STM32F0xx_HAL_Driver/Src/stm32f0xx_hal_rcc.o
                0x00000000080019a8                HAL_RCC_OscConfig
 .text.HAL_RCC_ClockConfig
                0x0000000008001fe4      0x19c ./Drivers/STM32F0xx_HAL_Driver/Src/stm32f0xx_hal_rcc.o
                0x0000000008001fe4                HAL_RCC_ClockConfig
 .text.HAL_RCC_GetSysClockFreq
                0x0000000008002180       0xb0 ./Drivers/STM32F0xx_HAL_Driver/Src/stm32f0xx_hal_rcc.o
                0x0000000008002180                HAL_RCC_GetSysClockFreq
 .text.HAL_SPI_Init
                0x0000000008002230      0x170 ./Drivers/STM32F0xx_HAL_Driver/Src/stm32f0xx_hal_spi.o
                0x0000000008002230                HAL_SPI_Init
 .text.HAL_SPI_Transmit
                0x00000000080023a0      0x2be ./Drivers/STM32F0xx_HAL_Driver/Src/stm32f0xx_hal_spi.o
                0x00000000080023a0                HAL_SPI_Transmit
 *fill*         0x000000000800265e        0x2 
 .text.SPI_WaitFlagStateUntilTimeout
                0x0000000008002660      0x11c ./Drivers/STM32F0xx_HAL_Driver/Src/stm32f0xx_hal_spi.o
 .text.SPI_WaitFifoStateUntilTimeout
                0x000000000800277c      0x144 ./Drivers/STM32F0xx_HAL_Driver/Src/stm32f0xx_hal_spi.o
 .text.SPI_EndRxTxTransaction
                0x00000000080028c0       0x8c ./Drivers/STM32F0xx_HAL_Driver/Src/stm32f0xx_hal_spi.o
 .text.__libc_init_array
                0x000000000800294c       0x48 d:/st/stm32cubeide_1.9.0/stm32cubeide/plugins/com.st.stm32cube.ide.mcu.externaltools.gnu-tools-for-stm32.10.3-2021.10.win32_1.0.0.202111181127/tools/bin/../lib/gcc/arm-none-eabi/10.3.1/../../../../arm-none-eabi/lib/thumb/v6-m/nofp\libc_nano.a(lib_a-init.o)
                0x000000000800294c                __libc_init_array
 .text.memset   0x0000000008002994       0x10 d:/st/stm32cubeide_1.9.0/stm32cubeide/plugins/com.st.stm32cube.ide.mcu.externaltools.gnu-tools-for-stm32.10.3-2021.10.win32_1.0.0.202111181127/tools/bin/../lib/gcc/arm-none-eabi/10.3.1/../../../../arm-none-eabi/lib/thumb/v6-m/nofp\libc_nano.a(lib_a-memset.o)
                0x0000000008002994                memset
 *(.glue_7)
 .glue_7        0x00000000080029a4        0x0 linker stubs
 *(.glue_7t)
 .glue_7t       0x00000000080029a4        0x0 linker stubs
 *(.eh_frame)
 .eh_frame      0x00000000080029a4        0x0 d:/st/stm32cubeide_1.9.0/stm32cubeide/plugins/com.st.stm32cube.ide.mcu.externaltools.gnu-tools-for-stm32.10.3-2021.10.win32_1.0.0.202111181127/tools/bin/../lib/gcc/arm-none-eabi/10.3.1/thumb/v6-m/nofp/crtbegin.o
 *(.init)
 .init          0x00000000080029a4        0x4 d:/st/stm32cubeide_1.9.0/stm32cubeide/plugins/com.st.stm32cube.ide.mcu.externaltools.gnu-tools-for-stm32.10.3-2021.10.win32_1.0.0.202111181127/tools/bin/../lib/gcc/arm-none-eabi/10.3.1/thumb/v6-m/nofp/crti.o
                0x00000000080029a4                _init
 .init          0x00000000080029a8        0x8 d:/st/stm32cubeide_1.9.0/stm32cubeide/plugins/com.st.stm32cube.ide.mcu.externaltools.gnu-tools-for-stm32.10.3-2021.10.win32_1.0.0.202111181127/tools/bin/../lib/gcc/arm-none-eabi/10.3.1/thumb/v6-m/nofp/crtn.o
 *(.fini)
 .fini          0x00000000080029b0        0x4 d:/st/stm32cubeide_1.9.0/stm32cubeide/plugins/com.st.stm32cube.ide.mcu.externaltools.gnu-tools-for-stm32.10.3-2021.10.win32_1.0.0.202111181127/tools/bin/../lib/gcc/arm-none-eabi/10.3.1/thumb/v6-m/nofp/crti.o
                0x00000000080029b0                _fini
 .fini          0x00000000080029b4        0x8 d:/st/stm32cubeide_1.9.0/stm32cubeide/plugins/com.st.stm32cube.ide.mcu.externaltools.gnu-tools-for-stm32.10.3-2021.10.win32_1.0.0.202111181127/tools/bin/../lib/gcc/arm-none-eabi/10.3.1/thumb/v6-m/nofp/crtn.o
                0x00000000080029bc                . = ALIGN (0x4)
                0x00000000080029bc                _etext = .

.vfp11_veneer   0x00000000080029bc        0x0
 .vfp11_veneer  0x00000000080029bc        0x0 linker stubs

.v4_bx          0x00000000080029bc        0x0
 .v4_bx         0x00000000080029bc        0x0 linker stubs

.iplt           0x00000000080029bc        0x0
 .iplt          0x00000000080029bc        0x0 d:/st/stm32cubeide_1.9.0/stm32cubeide/plugins/com.st.stm32cube.ide.mcu.externaltools.gnu-tools-for-stm32.10.3-2021.10.win32_1.0.0.202111181127/tools/bin/../lib/gcc/arm-none-eabi/10.3.1/thumb/v6-m/nofp/crtbegin.o

.rodata         0x00000000080029bc     0x2174
                0x00000000080029bc                . = ALIGN (0x4)
 *(.rodata)
 .rodata        0x00000000080029bc       0x28 ./Core/Src/main.o
 *(.rodata*)
 .rodata.init_cmds1
                0x00000000080029e4       0x38 ./Core/Src/ST7735.o
                0x00000000080029e4                init_cmds1
 .rodata.init_cmds2
                0x0000000008002a1c        0xd ./Core/Src/ST7735.o
                0x0000000008002a1c                init_cmds2
 *fill*         0x0000000008002a29        0x3 
 .rodata.init_cmds3
                0x0000000008002a2c       0x2b ./Core/Src/ST7735.o
                0x0000000008002a2c                init_cmds3
 *fill*         0x0000000008002a57        0x1 
 .rodata.Font11x18
                0x0000000008002a58      0xd5c ./Core/Src/fonts.o
 .rodata.Font16x26
                0x00000000080037b4     0x134c ./Core/Src/fonts.o
 .rodata.AHBPrescTable
                0x0000000008004b00       0x10 ./Core/Src/system_stm32f0xx.o
                0x0000000008004b00                AHBPrescTable
 .rodata.aPLLMULFactorTable.1
                0x0000000008004b10       0x10 ./Drivers/STM32F0xx_HAL_Driver/Src/stm32f0xx_hal_rcc.o
 .rodata.aPredivFactorTable.0
                0x0000000008004b20       0x10 ./Drivers/STM32F0xx_HAL_Driver/Src/stm32f0xx_hal_rcc.o
                0x0000000008004b30                . = ALIGN (0x4)

.rel.dyn        0x0000000008004b30        0x0
 .rel.iplt      0x0000000008004b30        0x0 d:/st/stm32cubeide_1.9.0/stm32cubeide/plugins/com.st.stm32cube.ide.mcu.externaltools.gnu-tools-for-stm32.10.3-2021.10.win32_1.0.0.202111181127/tools/bin/../lib/gcc/arm-none-eabi/10.3.1/thumb/v6-m/nofp/crtbegin.o

.ARM.extab      0x0000000008004b30        0x0
                0x0000000008004b30                . = ALIGN (0x4)
 *(.ARM.extab* .gnu.linkonce.armextab.*)
                0x0000000008004b30                . = ALIGN (0x4)

.ARM            0x0000000008004b30        0x0
                0x0000000008004b30                . = ALIGN (0x4)
                0x0000000008004b30                __exidx_start = .
 *(.ARM.exidx*)
                0x0000000008004b30                __exidx_end = .
                0x0000000008004b30                . = ALIGN (0x4)

.preinit_array  0x0000000008004b30        0x0
                0x0000000008004b30                . = ALIGN (0x4)
                0x0000000008004b30                PROVIDE (__preinit_array_start = .)
 *(.preinit_array*)
                0x0000000008004b30                PROVIDE (__preinit_array_end = .)
                0x0000000008004b30                . = ALIGN (0x4)

.init_array     0x0000000008004b30        0x4
                0x0000000008004b30                . = ALIGN (0x4)
                0x0000000008004b30                PROVIDE (__init_array_start = .)
 *(SORT_BY_NAME(.init_array.*))
 *(.init_array*)
 .init_array    0x0000000008004b30        0x4 d:/st/stm32cubeide_1.9.0/stm32cubeide/plugins/com.st.stm32cube.ide.mcu.externaltools.gnu-tools-for-stm32.10.3-2021.10.win32_1.0.0.202111181127/tools/bin/../lib/gcc/arm-none-eabi/10.3.1/thumb/v6-m/nofp/crtbegin.o
                0x0000000008004b34                PROVIDE (__init_array_end = .)
                0x0000000008004b34                . = ALIGN (0x4)

.fini_array     0x0000000008004b34        0x4
                0x0000000008004b34                . = ALIGN (0x4)
                [!provide]                        PROVIDE (__fini_array_start = .)
 *(SORT_BY_NAME(.fini_array.*))
 *(.fini_array*)
 .fini_array    0x0000000008004b34        0x4 d:/st/stm32cubeide_1.9.0/stm32cubeide/plugins/com.st.stm32cube.ide.mcu.externaltools.gnu-tools-for-stm32.10.3-2021.10.win32_1.0.0.202111181127/tools/bin/../lib/gcc/arm-none-eabi/10.3.1/thumb/v6-m/nofp/crtbegin.o
                [!provide]                        PROVIDE (__fini_array_end = .)
                0x0000000008004b38                . = ALIGN (0x4)
                0x0000000008004b38                _sidata = LOADADDR (.data)

.data           0x0000000020000000       0x1c load address 0x0000000008004b38
                0x0000000020000000                . = ALIGN (0x4)
                0x0000000020000000                _sdata = .
 *(.data)
 *(.data*)
 .data.Font_11x18
                0x0000000020000000        0x8 ./Core/Src/fonts.o
                0x0000000020000000                Font_11x18
 .data.Font_16x26
                0x0000000020000008        0x8 ./Core/Src/fonts.o
                0x0000000020000008                Font_16x26
 .data.SystemCoreClock
                0x0000000020000010        0x4 ./Core/Src/system_stm32f0xx.o
                0x0000000020000010                SystemCoreClock
 .data.uwTickPrio
                0x0000000020000014        0x4 ./Drivers/STM32F0xx_HAL_Driver/Src/stm32f0xx_hal.o
                0x0000000020000014                uwTickPrio
 .data.uwTickFreq
                0x0000000020000018        0x1 ./Drivers/STM32F0xx_HAL_Driver/Src/stm32f0xx_hal.o
                0x0000000020000018                uwTickFreq
 *(.RamFunc)
 *(.RamFunc*)
                0x000000002000001c                . = ALIGN (0x4)
 *fill*         0x0000000020000019        0x3 
                0x000000002000001c                _edata = .

.igot.plt       0x000000002000001c        0x0 load address 0x0000000008004b54
 .igot.plt      0x000000002000001c        0x0 d:/st/stm32cubeide_1.9.0/stm32cubeide/plugins/com.st.stm32cube.ide.mcu.externaltools.gnu-tools-for-stm32.10.3-2021.10.win32_1.0.0.202111181127/tools/bin/../lib/gcc/arm-none-eabi/10.3.1/thumb/v6-m/nofp/crtbegin.o
                0x000000002000001c                . = ALIGN (0x4)

.bss            0x000000002000001c       0xd0 load address 0x0000000008004b54
                0x000000002000001c                _sbss = .
                0x000000002000001c                __bss_start__ = _sbss
 *(.bss)
 .bss           0x000000002000001c       0x1c d:/st/stm32cubeide_1.9.0/stm32cubeide/plugins/com.st.stm32cube.ide.mcu.externaltools.gnu-tools-for-stm32.10.3-2021.10.win32_1.0.0.202111181127/tools/bin/../lib/gcc/arm-none-eabi/10.3.1/thumb/v6-m/nofp/crtbegin.o
 *(.bss*)
 .bss._width    0x0000000020000038        0x2 ./Core/Src/ST7735.o
                0x0000000020000038                _width
 .bss._height   0x000000002000003a        0x2 ./Core/Src/ST7735.o
                0x000000002000003a                _height
 .bss.rotation  0x000000002000003c        0x1 ./Core/Src/ST7735.o
                0x000000002000003c                rotation
 .bss._colstart
                0x000000002000003d        0x1 ./Core/Src/ST7735.o
                0x000000002000003d                _colstart
 .bss._rowstart
                0x000000002000003e        0x1 ./Core/Src/ST7735.o
                0x000000002000003e                _rowstart
 .bss._xstart   0x000000002000003f        0x1 ./Core/Src/ST7735.o
                0x000000002000003f                _xstart
 .bss._ystart   0x0000000020000040        0x1 ./Core/Src/ST7735.o
                0x0000000020000040                _ystart
 *fill*         0x0000000020000041        0x3 
 .bss.hadc      0x0000000020000044       0x40 ./Core/Src/main.o
                0x0000000020000044                hadc
 .bss.hspi1     0x0000000020000084       0x64 ./Core/Src/main.o
                0x0000000020000084                hspi1
 .bss.uwTick    0x00000000200000e8        0x4 ./Drivers/STM32F0xx_HAL_Driver/Src/stm32f0xx_hal.o
                0x00000000200000e8                uwTick
 *(COMMON)
                0x00000000200000ec                . = ALIGN (0x4)
                0x00000000200000ec                _ebss = .
                0x00000000200000ec                __bss_end__ = _ebss

._user_heap_stack
                0x00000000200000ec      0x604 load address 0x0000000008004b54
                0x00000000200000f0                . = ALIGN (0x8)
 *fill*         0x00000000200000ec        0x4 
                [!provide]                        PROVIDE (end = .)
                0x00000000200000f0                PROVIDE (_end = .)
                0x00000000200002f0                . = (. + _Min_Heap_Size)
 *fill*         0x00000000200000f0      0x200 
                0x00000000200006f0                . = (. + _Min_Stack_Size)
 *fill*         0x00000000200002f0      0x400 
                0x00000000200006f0                . = ALIGN (0x8)

/DISCARD/
 libc.a(*)
 libm.a(*)
 libgcc.a(*)

.ARM.attributes
                0x0000000000000000       0x28
 *(.ARM.attributes)
 .ARM.attributes
                0x0000000000000000       0x1e d:/st/stm32cubeide_1.9.0/stm32cubeide/plugins/com.st.stm32cube.ide.mcu.externaltools.gnu-tools-for-stm32.10.3-2021.10.win32_1.0.0.202111181127/tools/bin/../lib/gcc/arm-none-eabi/10.3.1/thumb/v6-m/nofp/crti.o
 .ARM.attributes
                0x000000000000001e       0x2c d:/st/stm32cubeide_1.9.0/stm32cubeide/plugins/com.st.stm32cube.ide.mcu.externaltools.gnu-tools-for-stm32.10.3-2021.10.win32_1.0.0.202111181127/tools/bin/../lib/gcc/arm-none-eabi/10.3.1/thumb/v6-m/nofp/crtbegin.o
 .ARM.attributes
                0x000000000000004a       0x2c ./Core/Src/GFX_FUNCTIONS.o
 .ARM.attributes
                0x0000000000000076       0x2c ./Core/Src/ST7735.o
 .ARM.attributes
                0x00000000000000a2       0x2c ./Core/Src/fonts.o
 .ARM.attributes
                0x00000000000000ce       0x2c ./Core/Src/main.o
 .ARM.attributes
                0x00000000000000fa       0x2c ./Core/Src/stm32f0xx_hal_msp.o
 .ARM.attributes
                0x0000000000000126       0x2c ./Core/Src/stm32f0xx_it.o
 .ARM.attributes
                0x0000000000000152       0x2c ./Core/Src/system_stm32f0xx.o
 .ARM.attributes
                0x000000000000017e       0x21 ./Core/Startup/startup_stm32f030cctx.o
 .ARM.attributes
                0x000000000000019f       0x2c ./Drivers/STM32F0xx_HAL_Driver/Src/stm32f0xx_hal.o
 .ARM.attributes
                0x00000000000001cb       0x2c ./Drivers/STM32F0xx_HAL_Driver/Src/stm32f0xx_hal_adc.o
 .ARM.attributes
                0x00000000000001f7       0x2c ./Drivers/STM32F0xx_HAL_Driver/Src/stm32f0xx_hal_cortex.o
 .ARM.attributes
                0x0000000000000223       0x2c ./Drivers/STM32F0xx_HAL_Driver/Src/stm32f0xx_hal_gpio.o
 .ARM.attributes
                0x000000000000024f       0x2c ./Drivers/STM32F0xx_HAL_Driver/Src/stm32f0xx_hal_rcc.o
 .ARM.attributes
                0x000000000000027b       0x2c ./Drivers/STM32F0xx_HAL_Driver/Src/stm32f0xx_hal_spi.o
 .ARM.attributes
                0x00000000000002a7       0x2c d:/st/stm32cubeide_1.9.0/stm32cubeide/plugins/com.st.stm32cube.ide.mcu.externaltools.gnu-tools-for-stm32.10.3-2021.10.win32_1.0.0.202111181127/tools/bin/../lib/gcc/arm-none-eabi/10.3.1/../../../../arm-none-eabi/lib/thumb/v6-m/nofp\libc_nano.a(lib_a-init.o)
 .ARM.attributes
                0x00000000000002d3       0x2c d:/st/stm32cubeide_1.9.0/stm32cubeide/plugins/com.st.stm32cube.ide.mcu.externaltools.gnu-tools-for-stm32.10.3-2021.10.win32_1.0.0.202111181127/tools/bin/../lib/gcc/arm-none-eabi/10.3.1/../../../../arm-none-eabi/lib/thumb/v6-m/nofp\libc_nano.a(lib_a-memset.o)
 .ARM.attributes
                0x00000000000002ff       0x1e d:/st/stm32cubeide_1.9.0/stm32cubeide/plugins/com.st.stm32cube.ide.mcu.externaltools.gnu-tools-for-stm32.10.3-2021.10.win32_1.0.0.202111181127/tools/bin/../lib/gcc/arm-none-eabi/10.3.1/thumb/v6-m/nofp\libgcc.a(_udivsi3.o)
 .ARM.attributes
                0x000000000000031d       0x1e d:/st/stm32cubeide_1.9.0/stm32cubeide/plugins/com.st.stm32cube.ide.mcu.externaltools.gnu-tools-for-stm32.10.3-2021.10.win32_1.0.0.202111181127/tools/bin/../lib/gcc/arm-none-eabi/10.3.1/thumb/v6-m/nofp\libgcc.a(_dvmd_tls.o)
 .ARM.attributes
                0x000000000000033b       0x1e d:/st/stm32cubeide_1.9.0/stm32cubeide/plugins/com.st.stm32cube.ide.mcu.externaltools.gnu-tools-for-stm32.10.3-2021.10.win32_1.0.0.202111181127/tools/bin/../lib/gcc/arm-none-eabi/10.3.1/thumb/v6-m/nofp/crtn.o
OUTPUT(test-st7735.elf elf32-littlearm)
LOAD linker stubs
LOAD d:/st/stm32cubeide_1.9.0/stm32cubeide/plugins/com.st.stm32cube.ide.mcu.externaltools.gnu-tools-for-stm32.10.3-2021.10.win32_1.0.0.202111181127/tools/bin/../lib/gcc/arm-none-eabi/10.3.1/../../../../arm-none-eabi/lib/thumb/v6-m/nofp\libc.a
LOAD d:/st/stm32cubeide_1.9.0/stm32cubeide/plugins/com.st.stm32cube.ide.mcu.externaltools.gnu-tools-for-stm32.10.3-2021.10.win32_1.0.0.202111181127/tools/bin/../lib/gcc/arm-none-eabi/10.3.1/../../../../arm-none-eabi/lib/thumb/v6-m/nofp\libm.a
LOAD d:/st/stm32cubeide_1.9.0/stm32cubeide/plugins/com.st.stm32cube.ide.mcu.externaltools.gnu-tools-for-stm32.10.3-2021.10.win32_1.0.0.202111181127/tools/bin/../lib/gcc/arm-none-eabi/10.3.1/thumb/v6-m/nofp\libgcc.a

.debug_info     0x0000000000000000     0x7cde
 .debug_info    0x0000000000000000      0xf35 ./Core/Src/GFX_FUNCTIONS.o
 .debug_info    0x0000000000000f35      0xd40 ./Core/Src/ST7735.o
 .debug_info    0x0000000000001c75      0x1ae ./Core/Src/fonts.o
 .debug_info    0x0000000000001e23      0xe9b ./Core/Src/main.o
 .debug_info    0x0000000000002cbe      0xb7f ./Core/Src/stm32f0xx_hal_msp.o
 .debug_info    0x000000000000383d       0xda ./Core/Src/stm32f0xx_it.o
 .debug_info    0x0000000000003917      0x269 ./Core/Src/system_stm32f0xx.o
 .debug_info    0x0000000000003b80       0x22 ./Core/Startup/startup_stm32f030cctx.o
 .debug_info    0x0000000000003ba2      0x6c7 ./Drivers/STM32F0xx_HAL_Driver/Src/stm32f0xx_hal.o
 .debug_info    0x0000000000004269      0xd3d ./Drivers/STM32F0xx_HAL_Driver/Src/stm32f0xx_hal_adc.o
 .debug_info    0x0000000000004fa6      0x705 ./Drivers/STM32F0xx_HAL_Driver/Src/stm32f0xx_hal_cortex.o
 .debug_info    0x00000000000056ab      0x614 ./Drivers/STM32F0xx_HAL_Driver/Src/stm32f0xx_hal_gpio.o
 .debug_info    0x0000000000005cbf      0x88c ./Drivers/STM32F0xx_HAL_Driver/Src/stm32f0xx_hal_rcc.o
 .debug_info    0x000000000000654b     0x1793 ./Drivers/STM32F0xx_HAL_Driver/Src/stm32f0xx_hal_spi.o

.debug_abbrev   0x0000000000000000     0x17e0
 .debug_abbrev  0x0000000000000000      0x1a5 ./Core/Src/GFX_FUNCTIONS.o
 .debug_abbrev  0x00000000000001a5      0x258 ./Core/Src/ST7735.o
 .debug_abbrev  0x00000000000003fd       0xad ./Core/Src/fonts.o
 .debug_abbrev  0x00000000000004aa      0x29d ./Core/Src/main.o
 .debug_abbrev  0x0000000000000747      0x194 ./Core/Src/stm32f0xx_hal_msp.o
 .debug_abbrev  0x00000000000008db       0x74 ./Core/Src/stm32f0xx_it.o
 .debug_abbrev  0x000000000000094f      0x116 ./Core/Src/system_stm32f0xx.o
 .debug_abbrev  0x0000000000000a65       0x12 ./Core/Startup/startup_stm32f030cctx.o
 .debug_abbrev  0x0000000000000a77      0x23f ./Drivers/STM32F0xx_HAL_Driver/Src/stm32f0xx_hal.o
 .debug_abbrev  0x0000000000000cb6      0x203 ./Drivers/STM32F0xx_HAL_Driver/Src/stm32f0xx_hal_adc.o
 .debug_abbrev  0x0000000000000eb9      0x283 ./Drivers/STM32F0xx_HAL_Driver/Src/stm32f0xx_hal_cortex.o
 .debug_abbrev  0x000000000000113c      0x1bb ./Drivers/STM32F0xx_HAL_Driver/Src/stm32f0xx_hal_gpio.o
 .debug_abbrev  0x00000000000012f7      0x283 ./Drivers/STM32F0xx_HAL_Driver/Src/stm32f0xx_hal_rcc.o
 .debug_abbrev  0x000000000000157a      0x266 ./Drivers/STM32F0xx_HAL_Driver/Src/stm32f0xx_hal_spi.o

.debug_aranges  0x0000000000000000      0x7f8
 .debug_aranges
                0x0000000000000000      0x100 ./Core/Src/GFX_FUNCTIONS.o
 .debug_aranges
                0x0000000000000100       0x90 ./Core/Src/ST7735.o
 .debug_aranges
                0x0000000000000190       0x18 ./Core/Src/fonts.o
 .debug_aranges
                0x00000000000001a8       0x48 ./Core/Src/main.o
 .debug_aranges
                0x00000000000001f0       0x40 ./Core/Src/stm32f0xx_hal_msp.o
 .debug_aranges
                0x0000000000000230       0x40 ./Core/Src/stm32f0xx_it.o
 .debug_aranges
                0x0000000000000270       0x28 ./Core/Src/system_stm32f0xx.o
 .debug_aranges
                0x0000000000000298       0x28 ./Core/Startup/startup_stm32f030cctx.o
 .debug_aranges
                0x00000000000002c0       0xd0 ./Drivers/STM32F0xx_HAL_Driver/Src/stm32f0xx_hal.o
 .debug_aranges
                0x0000000000000390       0xf8 ./Drivers/STM32F0xx_HAL_Driver/Src/stm32f0xx_hal_adc.o
 .debug_aranges
                0x0000000000000488       0xc0 ./Drivers/STM32F0xx_HAL_Driver/Src/stm32f0xx_hal_cortex.o
 .debug_aranges
                0x0000000000000548       0x58 ./Drivers/STM32F0xx_HAL_Driver/Src/stm32f0xx_hal_gpio.o
 .debug_aranges
                0x00000000000005a0       0x80 ./Drivers/STM32F0xx_HAL_Driver/Src/stm32f0xx_hal_rcc.o
 .debug_aranges
                0x0000000000000620      0x1d8 ./Drivers/STM32F0xx_HAL_Driver/Src/stm32f0xx_hal_spi.o

.debug_ranges   0x0000000000000000      0x718
 .debug_ranges  0x0000000000000000       0xf0 ./Core/Src/GFX_FUNCTIONS.o
 .debug_ranges  0x00000000000000f0       0x80 ./Core/Src/ST7735.o
 .debug_ranges  0x0000000000000170       0x38 ./Core/Src/main.o
 .debug_ranges  0x00000000000001a8       0x30 ./Core/Src/stm32f0xx_hal_msp.o
 .debug_ranges  0x00000000000001d8       0x30 ./Core/Src/stm32f0xx_it.o
 .debug_ranges  0x0000000000000208       0x18 ./Core/Src/system_stm32f0xx.o
 .debug_ranges  0x0000000000000220       0x20 ./Core/Startup/startup_stm32f030cctx.o
 .debug_ranges  0x0000000000000240       0xc0 ./Drivers/STM32F0xx_HAL_Driver/Src/stm32f0xx_hal.o
 .debug_ranges  0x0000000000000300       0xe8 ./Drivers/STM32F0xx_HAL_Driver/Src/stm32f0xx_hal_adc.o
 .debug_ranges  0x00000000000003e8       0xb0 ./Drivers/STM32F0xx_HAL_Driver/Src/stm32f0xx_hal_cortex.o
 .debug_ranges  0x0000000000000498       0x48 ./Drivers/STM32F0xx_HAL_Driver/Src/stm32f0xx_hal_gpio.o
 .debug_ranges  0x00000000000004e0       0x70 ./Drivers/STM32F0xx_HAL_Driver/Src/stm32f0xx_hal_rcc.o
 .debug_ranges  0x0000000000000550      0x1c8 ./Drivers/STM32F0xx_HAL_Driver/Src/stm32f0xx_hal_spi.o

.debug_macro    0x0000000000000000    0x1076b
 .debug_macro   0x0000000000000000      0x2bd ./Core/Src/GFX_FUNCTIONS.o
 .debug_macro   0x00000000000002bd      0xa4e ./Core/Src/GFX_FUNCTIONS.o
 .debug_macro   0x0000000000000d0b       0x22 ./Core/Src/GFX_FUNCTIONS.o
 .debug_macro   0x0000000000000d2d       0x8e ./Core/Src/GFX_FUNCTIONS.o
 .debug_macro   0x0000000000000dbb       0x51 ./Core/Src/GFX_FUNCTIONS.o
 .debug_macro   0x0000000000000e0c      0x103 ./Core/Src/GFX_FUNCTIONS.o
 .debug_macro   0x0000000000000f0f       0x6a ./Core/Src/GFX_FUNCTIONS.o
 .debug_macro   0x0000000000000f79      0x1df ./Core/Src/GFX_FUNCTIONS.o
 .debug_macro   0x0000000000001158       0x2e ./Core/Src/GFX_FUNCTIONS.o
 .debug_macro   0x0000000000001186       0x22 ./Core/Src/GFX_FUNCTIONS.o
 .debug_macro   0x00000000000011a8       0x1c ./Core/Src/GFX_FUNCTIONS.o
 .debug_macro   0x00000000000011c4       0x22 ./Core/Src/GFX_FUNCTIONS.o
 .debug_macro   0x00000000000011e6       0xaf ./Core/Src/GFX_FUNCTIONS.o
 .debug_macro   0x0000000000001295      0x391 ./Core/Src/GFX_FUNCTIONS.o
 .debug_macro   0x0000000000001626     0x785b ./Core/Src/GFX_FUNCTIONS.o
 .debug_macro   0x0000000000008e81       0x66 ./Core/Src/GFX_FUNCTIONS.o
 .debug_macro   0x0000000000008ee7      0x133 ./Core/Src/GFX_FUNCTIONS.o
 .debug_macro   0x000000000000901a     0x34be ./Core/Src/GFX_FUNCTIONS.o
 .debug_macro   0x000000000000c4d8      0x174 ./Core/Src/GFX_FUNCTIONS.o
 .debug_macro   0x000000000000c64c       0x55 ./Core/Src/GFX_FUNCTIONS.o
 .debug_macro   0x000000000000c6a1      0x924 ./Core/Src/GFX_FUNCTIONS.o
 .debug_macro   0x000000000000cfc5      0x289 ./Core/Src/GFX_FUNCTIONS.o
 .debug_macro   0x000000000000d24e      0x1ae ./Core/Src/GFX_FUNCTIONS.o
 .debug_macro   0x000000000000d3fc      0x153 ./Core/Src/GFX_FUNCTIONS.o
 .debug_macro   0x000000000000d54f      0x1a0 ./Core/Src/GFX_FUNCTIONS.o
 .debug_macro   0x000000000000d6ef      0x1bc ./Core/Src/GFX_FUNCTIONS.o
 .debug_macro   0x000000000000d8ab      0x1dd ./Core/Src/GFX_FUNCTIONS.o
 .debug_macro   0x000000000000da88       0x3c ./Core/Src/GFX_FUNCTIONS.o
 .debug_macro   0x000000000000dac4       0x28 ./Core/Src/GFX_FUNCTIONS.o
 .debug_macro   0x000000000000daec      0x33d ./Core/Src/GFX_FUNCTIONS.o
 .debug_macro   0x000000000000de29       0xc2 ./Core/Src/GFX_FUNCTIONS.o
 .debug_macro   0x000000000000deeb       0xb0 ./Core/Src/GFX_FUNCTIONS.o
 .debug_macro   0x000000000000df9b      0x217 ./Core/Src/GFX_FUNCTIONS.o
 .debug_macro   0x000000000000e1b2      0x22c ./Core/Src/GFX_FUNCTIONS.o
 .debug_macro   0x000000000000e3de       0x61 ./Core/Src/GFX_FUNCTIONS.o
 .debug_macro   0x000000000000e43f       0xa5 ./Core/Src/GFX_FUNCTIONS.o
 .debug_macro   0x000000000000e4e4       0x4c ./Core/Src/GFX_FUNCTIONS.o
 .debug_macro   0x000000000000e530       0x49 ./Core/Src/GFX_FUNCTIONS.o
 .debug_macro   0x000000000000e579      0x2fe ./Core/Src/GFX_FUNCTIONS.o
 .debug_macro   0x000000000000e877      0x10d ./Core/Src/GFX_FUNCTIONS.o
 .debug_macro   0x000000000000e984       0x22 ./Core/Src/GFX_FUNCTIONS.o
 .debug_macro   0x000000000000e9a6      0x184 ./Core/Src/GFX_FUNCTIONS.o
 .debug_macro   0x000000000000eb2a       0x18 ./Core/Src/GFX_FUNCTIONS.o
 .debug_macro   0x000000000000eb42       0x52 ./Core/Src/GFX_FUNCTIONS.o
 .debug_macro   0x000000000000eb94       0x3c ./Core/Src/GFX_FUNCTIONS.o
 .debug_macro   0x000000000000ebd0       0x34 ./Core/Src/GFX_FUNCTIONS.o
 .debug_macro   0x000000000000ec04       0x16 ./Core/Src/GFX_FUNCTIONS.o
 .debug_macro   0x000000000000ec1a       0x35 ./Core/Src/GFX_FUNCTIONS.o
 .debug_macro   0x000000000000ec4f       0x16 ./Core/Src/GFX_FUNCTIONS.o
 .debug_macro   0x000000000000ec65       0x43 ./Core/Src/GFX_FUNCTIONS.o
 .debug_macro   0x000000000000eca8       0x34 ./Core/Src/GFX_FUNCTIONS.o
 .debug_macro   0x000000000000ecdc       0x10 ./Core/Src/GFX_FUNCTIONS.o
 .debug_macro   0x000000000000ecec       0x58 ./Core/Src/GFX_FUNCTIONS.o
 .debug_macro   0x000000000000ed44       0x71 ./Core/Src/GFX_FUNCTIONS.o
 .debug_macro   0x000000000000edb5       0x1c ./Core/Src/GFX_FUNCTIONS.o
 .debug_macro   0x000000000000edd1      0x12a ./Core/Src/GFX_FUNCTIONS.o
 .debug_macro   0x000000000000eefb      0x341 ./Core/Src/GFX_FUNCTIONS.o
 .debug_macro   0x000000000000f23c       0x16 ./Core/Src/GFX_FUNCTIONS.o
 .debug_macro   0x000000000000f252       0x29 ./Core/Src/GFX_FUNCTIONS.o
 .debug_macro   0x000000000000f27b      0x1e5 ./Core/Src/ST7735.o
 .debug_macro   0x000000000000f460       0x6d ./Core/Src/fonts.o
 .debug_macro   0x000000000000f4cd      0x1fe ./Core/Src/main.o
 .debug_macro   0x000000000000f6cb       0x34 ./Core/Src/main.o
 .debug_macro   0x000000000000f6ff      0x1d2 ./Core/Src/stm32f0xx_hal_msp.o
 .debug_macro   0x000000000000f8d1      0x1dc ./Core/Src/stm32f0xx_it.o
 .debug_macro   0x000000000000faad      0x1c3 ./Core/Src/system_stm32f0xx.o
 .debug_macro   0x000000000000fc70      0x1e7 ./Drivers/STM32F0xx_HAL_Driver/Src/stm32f0xx_hal.o
 .debug_macro   0x000000000000fe57      0x1e7 ./Drivers/STM32F0xx_HAL_Driver/Src/stm32f0xx_hal_adc.o
 .debug_macro   0x000000000001003e      0x1c3 ./Drivers/STM32F0xx_HAL_Driver/Src/stm32f0xx_hal_cortex.o
 .debug_macro   0x0000000000010201      0x1ca ./Drivers/STM32F0xx_HAL_Driver/Src/stm32f0xx_hal_gpio.o
 .debug_macro   0x00000000000103cb      0x1d5 ./Drivers/STM32F0xx_HAL_Driver/Src/stm32f0xx_hal_rcc.o
 .debug_macro   0x00000000000105a0      0x1cb ./Drivers/STM32F0xx_HAL_Driver/Src/stm32f0xx_hal_spi.o

.debug_line     0x0000000000000000     0x9d3f
 .debug_line    0x0000000000000000     0x14c6 ./Core/Src/GFX_FUNCTIONS.o
 .debug_line    0x00000000000014c6      0xade ./Core/Src/ST7735.o
 .debug_line    0x0000000000001fa4      0x37b ./Core/Src/fonts.o
 .debug_line    0x000000000000231f      0x8a1 ./Core/Src/main.o
 .debug_line    0x0000000000002bc0      0x765 ./Core/Src/stm32f0xx_hal_msp.o
 .debug_line    0x0000000000003325      0x736 ./Core/Src/stm32f0xx_it.o
 .debug_line    0x0000000000003a5b      0x746 ./Core/Src/system_stm32f0xx.o
 .debug_line    0x00000000000041a1       0x89 ./Core/Startup/startup_stm32f030cctx.o
 .debug_line    0x000000000000422a      0x94c ./Drivers/STM32F0xx_HAL_Driver/Src/stm32f0xx_hal.o
 .debug_line    0x0000000000004b76     0x1173 ./Drivers/STM32F0xx_HAL_Driver/Src/stm32f0xx_hal_adc.o
 .debug_line    0x0000000000005ce9      0x9f8 ./Drivers/STM32F0xx_HAL_Driver/Src/stm32f0xx_hal_cortex.o
 .debug_line    0x00000000000066e1      0xac7 ./Drivers/STM32F0xx_HAL_Driver/Src/stm32f0xx_hal_gpio.o
 .debug_line    0x00000000000071a8      0xd39 ./Drivers/STM32F0xx_HAL_Driver/Src/stm32f0xx_hal_rcc.o
 .debug_line    0x0000000000007ee1     0x1e5e ./Drivers/STM32F0xx_HAL_Driver/Src/stm32f0xx_hal_spi.o

.debug_str      0x0000000000000000    0x63b65
 .debug_str     0x0000000000000000    0x61be9 ./Core/Src/GFX_FUNCTIONS.o
                                      0x61e96 (size before relaxing)
 .debug_str     0x0000000000061be9      0x5f7 ./Core/Src/ST7735.o
                                      0x5f402 (size before relaxing)
 .debug_str     0x00000000000621e0       0x51 ./Core/Src/fonts.o
                                       0x3b90 (size before relaxing)
 .debug_str     0x0000000000062231      0x4f5 ./Core/Src/main.o
                                      0x5f793 (size before relaxing)
 .debug_str     0x0000000000062726       0x85 ./Core/Src/stm32f0xx_hal_msp.o
                                      0x5efd2 (size before relaxing)
 .debug_str     0x00000000000627ab       0x82 ./Core/Src/stm32f0xx_it.o
                                      0x5e95e (size before relaxing)
 .debug_str     0x000000000006282d       0x8b ./Core/Src/system_stm32f0xx.o
                                      0x5e905 (size before relaxing)
 .debug_str     0x00000000000628b8       0x36 ./Core/Startup/startup_stm32f030cctx.o
                                         0x7b (size before relaxing)
 .debug_str     0x00000000000628ee      0x4b7 ./Drivers/STM32F0xx_HAL_Driver/Src/stm32f0xx_hal.o
                                      0x5eeb1 (size before relaxing)
 .debug_str     0x0000000000062da5      0x390 ./Drivers/STM32F0xx_HAL_Driver/Src/stm32f0xx_hal_adc.o
                                      0x5f022 (size before relaxing)
 .debug_str     0x0000000000063135      0x196 ./Drivers/STM32F0xx_HAL_Driver/Src/stm32f0xx_hal_cortex.o
                                      0x5eca2 (size before relaxing)
 .debug_str     0x00000000000632cb      0x112 ./Drivers/STM32F0xx_HAL_Driver/Src/stm32f0xx_hal_gpio.o
                                      0x5eaa6 (size before relaxing)
 .debug_str     0x00000000000633dd      0x21a ./Drivers/STM32F0xx_HAL_Driver/Src/stm32f0xx_hal_rcc.o
                                      0x5ed41 (size before relaxing)
 .debug_str     0x00000000000635f7      0x56e ./Drivers/STM32F0xx_HAL_Driver/Src/stm32f0xx_hal_spi.o
                                      0x5f27f (size before relaxing)

.comment        0x0000000000000000       0x50
 .comment       0x0000000000000000       0x50 ./Core/Src/GFX_FUNCTIONS.o
                                         0x51 (size before relaxing)
 .comment       0x0000000000000050       0x51 ./Core/Src/ST7735.o
 .comment       0x0000000000000050       0x51 ./Core/Src/fonts.o
 .comment       0x0000000000000050       0x51 ./Core/Src/main.o
 .comment       0x0000000000000050       0x51 ./Core/Src/stm32f0xx_hal_msp.o
 .comment       0x0000000000000050       0x51 ./Core/Src/stm32f0xx_it.o
 .comment       0x0000000000000050       0x51 ./Core/Src/system_stm32f0xx.o
 .comment       0x0000000000000050       0x51 ./Drivers/STM32F0xx_HAL_Driver/Src/stm32f0xx_hal.o
 .comment       0x0000000000000050       0x51 ./Drivers/STM32F0xx_HAL_Driver/Src/stm32f0xx_hal_adc.o
 .comment       0x0000000000000050       0x51 ./Drivers/STM32F0xx_HAL_Driver/Src/stm32f0xx_hal_cortex.o
 .comment       0x0000000000000050       0x51 ./Drivers/STM32F0xx_HAL_Driver/Src/stm32f0xx_hal_gpio.o
 .comment       0x0000000000000050       0x51 ./Drivers/STM32F0xx_HAL_Driver/Src/stm32f0xx_hal_rcc.o
 .comment       0x0000000000000050       0x51 ./Drivers/STM32F0xx_HAL_Driver/Src/stm32f0xx_hal_spi.o

.debug_frame    0x0000000000000000     0x1b64
 .debug_frame   0x0000000000000000      0x400 ./Core/Src/GFX_FUNCTIONS.o
 .debug_frame   0x0000000000000400      0x1fc ./Core/Src/ST7735.o
 .debug_frame   0x00000000000005fc       0xc8 ./Core/Src/main.o
 .debug_frame   0x00000000000006c4       0xb0 ./Core/Src/stm32f0xx_hal_msp.o
 .debug_frame   0x0000000000000774       0x9c ./Core/Src/stm32f0xx_it.o
 .debug_frame   0x0000000000000810       0x4c ./Core/Src/system_stm32f0xx.o
 .debug_frame   0x000000000000085c      0x2a4 ./Drivers/STM32F0xx_HAL_Driver/Src/stm32f0xx_hal.o
 .debug_frame   0x0000000000000b00      0x3a0 ./Drivers/STM32F0xx_HAL_Driver/Src/stm32f0xx_hal_adc.o
 .debug_frame   0x0000000000000ea0      0x2a0 ./Drivers/STM32F0xx_HAL_Driver/Src/stm32f0xx_hal_cortex.o
 .debug_frame   0x0000000000001140      0x110 ./Drivers/STM32F0xx_HAL_Driver/Src/stm32f0xx_hal_gpio.o
 .debug_frame   0x0000000000001250      0x198 ./Drivers/STM32F0xx_HAL_Driver/Src/stm32f0xx_hal_rcc.o
 .debug_frame   0x00000000000013e8      0x710 ./Drivers/STM32F0xx_HAL_Driver/Src/stm32f0xx_hal_spi.o
 .debug_frame   0x0000000000001af8       0x2c d:/st/stm32cubeide_1.9.0/stm32cubeide/plugins/com.st.stm32cube.ide.mcu.externaltools.gnu-tools-for-stm32.10.3-2021.10.win32_1.0.0.202111181127/tools/bin/../lib/gcc/arm-none-eabi/10.3.1/../../../../arm-none-eabi/lib/thumb/v6-m/nofp\libc_nano.a(lib_a-init.o)
 .debug_frame   0x0000000000001b24       0x20 d:/st/stm32cubeide_1.9.0/stm32cubeide/plugins/com.st.stm32cube.ide.mcu.externaltools.gnu-tools-for-stm32.10.3-2021.10.win32_1.0.0.202111181127/tools/bin/../lib/gcc/arm-none-eabi/10.3.1/../../../../arm-none-eabi/lib/thumb/v6-m/nofp\libc_nano.a(lib_a-memset.o)
 .debug_frame   0x0000000000001b44       0x20 d:/st/stm32cubeide_1.9.0/stm32cubeide/plugins/com.st.stm32cube.ide.mcu.externaltools.gnu-tools-for-stm32.10.3-2021.10.win32_1.0.0.202111181127/tools/bin/../lib/gcc/arm-none-eabi/10.3.1/thumb/v6-m/nofp\libgcc.a(_udivsi3.o)
