Archive member included to satisfy reference by file (symbol)

C:/ST/STM32CubeIDE_1.13.2/STM32CubeIDE/plugins/com.st.stm32cube.ide.mcu.externaltools.gnu-tools-for-stm32.11.3.rel1.win32_1.1.1.202309131626/tools/bin/../lib/gcc/arm-none-eabi/11.3.1/../../../../arm-none-eabi/lib/thumb/v6-m/nofp\libc_nano.a(libc_a-exit.o)
                              C:/ST/STM32CubeIDE_1.13.2/STM32CubeIDE/plugins/com.st.stm32cube.ide.mcu.externaltools.gnu-tools-for-stm32.11.3.rel1.win32_1.1.1.202309131626/tools/bin/../lib/gcc/arm-none-eabi/11.3.1/../../../../arm-none-eabi/lib/thumb/v6-m/nofp/crt0.o (exit)
C:/ST/STM32CubeIDE_1.13.2/STM32CubeIDE/plugins/com.st.stm32cube.ide.mcu.externaltools.gnu-tools-for-stm32.11.3.rel1.win32_1.1.1.202309131626/tools/bin/../lib/gcc/arm-none-eabi/11.3.1/../../../../arm-none-eabi/lib/thumb/v6-m/nofp\libc_nano.a(libc_a-findfp.o)
                              C:/ST/STM32CubeIDE_1.13.2/STM32CubeIDE/plugins/com.st.stm32cube.ide.mcu.externaltools.gnu-tools-for-stm32.11.3.rel1.win32_1.1.1.202309131626/tools/bin/../lib/gcc/arm-none-eabi/11.3.1/../../../../arm-none-eabi/lib/thumb/v6-m/nofp\libc_nano.a(libc_a-exit.o) (__stdio_exit_handler)
C:/ST/STM32CubeIDE_1.13.2/STM32CubeIDE/plugins/com.st.stm32cube.ide.mcu.externaltools.gnu-tools-for-stm32.11.3.rel1.win32_1.1.1.202309131626/tools/bin/../lib/gcc/arm-none-eabi/11.3.1/../../../../arm-none-eabi/lib/thumb/v6-m/nofp\libc_nano.a(libc_a-fwalk.o)
                              C:/ST/STM32CubeIDE_1.13.2/STM32CubeIDE/plugins/com.st.stm32cube.ide.mcu.externaltools.gnu-tools-for-stm32.11.3.rel1.win32_1.1.1.202309131626/tools/bin/../lib/gcc/arm-none-eabi/11.3.1/../../../../arm-none-eabi/lib/thumb/v6-m/nofp\libc_nano.a(libc_a-findfp.o) (_fwalk_sglue)
C:/ST/STM32CubeIDE_1.13.2/STM32CubeIDE/plugins/com.st.stm32cube.ide.mcu.externaltools.gnu-tools-for-stm32.11.3.rel1.win32_1.1.1.202309131626/tools/bin/../lib/gcc/arm-none-eabi/11.3.1/../../../../arm-none-eabi/lib/thumb/v6-m/nofp\libc_nano.a(libc_a-stdio.o)
                              C:/ST/STM32CubeIDE_1.13.2/STM32CubeIDE/plugins/com.st.stm32cube.ide.mcu.externaltools.gnu-tools-for-stm32.11.3.rel1.win32_1.1.1.202309131626/tools/bin/../lib/gcc/arm-none-eabi/11.3.1/../../../../arm-none-eabi/lib/thumb/v6-m/nofp\libc_nano.a(libc_a-findfp.o) (__sread)
C:/ST/STM32CubeIDE_1.13.2/STM32CubeIDE/plugins/com.st.stm32cube.ide.mcu.externaltools.gnu-tools-for-stm32.11.3.rel1.win32_1.1.1.202309131626/tools/bin/../lib/gcc/arm-none-eabi/11.3.1/../../../../arm-none-eabi/lib/thumb/v6-m/nofp\libc_nano.a(libc_a-memset.o)
                              C:/ST/STM32CubeIDE_1.13.2/STM32CubeIDE/plugins/com.st.stm32cube.ide.mcu.externaltools.gnu-tools-for-stm32.11.3.rel1.win32_1.1.1.202309131626/tools/bin/../lib/gcc/arm-none-eabi/11.3.1/../../../../arm-none-eabi/lib/thumb/v6-m/nofp/crt0.o (memset)
C:/ST/STM32CubeIDE_1.13.2/STM32CubeIDE/plugins/com.st.stm32cube.ide.mcu.externaltools.gnu-tools-for-stm32.11.3.rel1.win32_1.1.1.202309131626/tools/bin/../lib/gcc/arm-none-eabi/11.3.1/../../../../arm-none-eabi/lib/thumb/v6-m/nofp\libc_nano.a(libc_a-closer.o)
                              C:/ST/STM32CubeIDE_1.13.2/STM32CubeIDE/plugins/com.st.stm32cube.ide.mcu.externaltools.gnu-tools-for-stm32.11.3.rel1.win32_1.1.1.202309131626/tools/bin/../lib/gcc/arm-none-eabi/11.3.1/../../../../arm-none-eabi/lib/thumb/v6-m/nofp\libc_nano.a(libc_a-stdio.o) (_close_r)
C:/ST/STM32CubeIDE_1.13.2/STM32CubeIDE/plugins/com.st.stm32cube.ide.mcu.externaltools.gnu-tools-for-stm32.11.3.rel1.win32_1.1.1.202309131626/tools/bin/../lib/gcc/arm-none-eabi/11.3.1/../../../../arm-none-eabi/lib/thumb/v6-m/nofp\libc_nano.a(libc_a-reent.o)
                              C:/ST/STM32CubeIDE_1.13.2/STM32CubeIDE/plugins/com.st.stm32cube.ide.mcu.externaltools.gnu-tools-for-stm32.11.3.rel1.win32_1.1.1.202309131626/tools/bin/../lib/gcc/arm-none-eabi/11.3.1/../../../../arm-none-eabi/lib/thumb/v6-m/nofp\libc_nano.a(libc_a-closer.o) (errno)
C:/ST/STM32CubeIDE_1.13.2/STM32CubeIDE/plugins/com.st.stm32cube.ide.mcu.externaltools.gnu-tools-for-stm32.11.3.rel1.win32_1.1.1.202309131626/tools/bin/../lib/gcc/arm-none-eabi/11.3.1/../../../../arm-none-eabi/lib/thumb/v6-m/nofp\libc_nano.a(libc_a-impure.o)
                              C:/ST/STM32CubeIDE_1.13.2/STM32CubeIDE/plugins/com.st.stm32cube.ide.mcu.externaltools.gnu-tools-for-stm32.11.3.rel1.win32_1.1.1.202309131626/tools/bin/../lib/gcc/arm-none-eabi/11.3.1/../../../../arm-none-eabi/lib/thumb/v6-m/nofp\libc_nano.a(libc_a-reent.o) (_impure_ptr)
C:/ST/STM32CubeIDE_1.13.2/STM32CubeIDE/plugins/com.st.stm32cube.ide.mcu.externaltools.gnu-tools-for-stm32.11.3.rel1.win32_1.1.1.202309131626/tools/bin/../lib/gcc/arm-none-eabi/11.3.1/../../../../arm-none-eabi/lib/thumb/v6-m/nofp\libc_nano.a(libc_a-lseekr.o)
[...]
Memory Configuration

Name             Origin             Length             Attributes
RAM              0x0000000020000000 0x0000000000008000 xrw
FLASH            0x0000000008000000 0x0000000000040000 xr
*default*        0x0000000000000000 0xffffffffffffffff

Linker script and memory map

LOAD C:/ST/STM32CubeIDE_1.13.2/STM32CubeIDE/plugins/com.st.stm32cube.ide.mcu.externaltools.gnu-tools-for-stm32.11.3.rel1.win32_1.1.1.202309131626/tools/bin/../lib/gcc/arm-none-eabi/11.3.1/thumb/v6-m/nofp/crti.o
LOAD C:/ST/STM32CubeIDE_1.13.2/STM32CubeIDE/plugins/com.st.stm32cube.ide.mcu.externaltools.gnu-tools-for-stm32.11.3.rel1.win32_1.1.1.202309131626/tools/bin/../lib/gcc/arm-none-eabi/11.3.1/thumb/v6-m/nofp/crtbegin.o
LOAD C:/ST/STM32CubeIDE_1.13.2/STM32CubeIDE/plugins/com.st.stm32cube.ide.mcu.externaltools.gnu-tools-for-stm32.11.3.rel1.win32_1.1.1.202309131626/tools/bin/../lib/gcc/arm-none-eabi/11.3.1/../../../../arm-none-eabi/lib/thumb/v6-m/nofp/crt0.o
LOAD ./Core/Src/GFX_FUNCTIONS.o
LOAD ./Core/Src/ST7735.o
LOAD ./Core/Src/fonts.o
LOAD ./Core/Src/main.o
LOAD ./Core/Src/pH_meter.o
LOAD ./Core/Src/stm32f0xx_hal_msp.o
LOAD ./Core/Src/stm32f0xx_it.o
LOAD ./Core/Src/syscalls.o
LOAD ./Core/Src/sysmem.o
LOAD ./Core/Src/system_stm32f0xx.o
LOAD ./Core/Src/user_sysfunc.o
LOAD ./Core/Startup/startup_stm32f030cctx.o
LOAD ./Drivers/STM32F0xx_HAL_Driver/Src/stm32f0xx_hal.o
LOAD ./Drivers/STM32F0xx_HAL_Driver/Src/stm32f0xx_hal_adc.o
LOAD ./Drivers/STM32F0xx_HAL_Driver/Src/stm32f0xx_hal_adc_ex.o
LOAD ./Drivers/STM32F0xx_HAL_Driver/Src/stm32f0xx_hal_cortex.o
LOAD ./Drivers/STM32F0xx_HAL_Driver/Src/stm32f0xx_hal_dma.o
LOAD ./Drivers/STM32F0xx_HAL_Driver/Src/stm32f0xx_hal_exti.o
LOAD ./Drivers/STM32F0xx_HAL_Driver/Src/stm32f0xx_hal_flash.o
LOAD ./Drivers/STM32F0xx_HAL_Driver/Src/stm32f0xx_hal_flash_ex.o
LOAD ./Drivers/STM32F0xx_HAL_Driver/Src/stm32f0xx_hal_gpio.o
LOAD ./Drivers/STM32F0xx_HAL_Driver/Src/stm32f0xx_hal_i2c.o
LOAD ./Drivers/STM32F0xx_HAL_Driver/Src/stm32f0xx_hal_i2c_ex.o
LOAD ./Drivers/STM32F0xx_HAL_Driver/Src/stm32f0xx_hal_pwr.o
LOAD ./Drivers/STM32F0xx_HAL_Driver/Src/stm32f0xx_hal_pwr_ex.o
LOAD ./Drivers/STM32F0xx_HAL_Driver/Src/stm32f0xx_hal_rcc.o
LOAD ./Drivers/STM32F0xx_HAL_Driver/Src/stm32f0xx_hal_rcc_ex.o
LOAD ./Drivers/STM32F0xx_HAL_Driver/Src/stm32f0xx_hal_spi.o
LOAD ./Drivers/STM32F0xx_HAL_Driver/Src/stm32f0xx_hal_spi_ex.o
LOAD ./Drivers/STM32F0xx_HAL_Driver/Src/stm32f0xx_hal_tim.o
LOAD ./Drivers/STM32F0xx_HAL_Driver/Src/stm32f0xx_hal_tim_ex.o
START GROUP
LOAD C:/ST/STM32CubeIDE_1.13.2/STM32CubeIDE/plugins/com.st.stm32cube.ide.mcu.externaltools.gnu-tools-for-stm32.11.3.rel1.win32_1.1.1.202309131626/tools/bin/../lib/gcc/arm-none-eabi/11.3.1/../../../../arm-none-eabi/lib/thumb/v6-m/nofp\libc_nano.a
LOAD C:/ST/STM32CubeIDE_1.13.2/STM32CubeIDE/plugins/com.st.stm32cube.ide.mcu.externaltools.gnu-tools-for-stm32.11.3.rel1.win32_1.1.1.202309131626/tools/bin/../lib/gcc/arm-none-eabi/11.3.1/../../../../arm-none-eabi/lib/thumb/v6-m/nofp\libm.a
END GROUP
START GROUP
LOAD C:/ST/STM32CubeIDE_1.13.2/STM32CubeIDE/plugins/com.st.stm32cube.ide.mcu.externaltools.gnu-tools-for-stm32.11.3.rel1.win32_1.1.1.202309131626/tools/bin/../lib/gcc/arm-none-eabi/11.3.1/thumb/v6-m/nofp\libgcc.a
LOAD C:/ST/STM32CubeIDE_1.13.2/STM32CubeIDE/plugins/com.st.stm32cube.ide.mcu.externaltools.gnu-tools-for-stm32.11.3.rel1.win32_1.1.1.202309131626/tools/bin/../lib/gcc/arm-none-eabi/11.3.1/../../../../arm-none-eabi/lib/thumb/v6-m/nofp\libc_nano.a
END GROUP
START GROUP
LOAD C:/ST/STM32CubeIDE_1.13.2/STM32CubeIDE/plugins/com.st.stm32cube.ide.mcu.externaltools.gnu-tools-for-stm32.11.3.rel1.win32_1.1.1.202309131626/tools/bin/../lib/gcc/arm-none-eabi/11.3.1/thumb/v6-m/nofp\libgcc.a
LOAD C:/ST/STM32CubeIDE_1.13.2/STM32CubeIDE/plugins/com.st.stm32cube.ide.mcu.externaltools.gnu-tools-for-stm32.11.3.rel1.win32_1.1.1.202309131626/tools/bin/../lib/gcc/arm-none-eabi/11.3.1/../../../../arm-none-eabi/lib/thumb/v6-m/nofp\libc_nano.a
LOAD C:/ST/STM32CubeIDE_1.13.2/STM32CubeIDE/plugins/com.st.stm32cube.ide.mcu.externaltools.gnu-tools-for-stm32.11.3.rel1.win32_1.1.1.202309131626/tools/bin/../lib/gcc/arm-none-eabi/11.3.1/../../../../arm-none-eabi/lib/thumb/v6-m/nofp\libnosys.a
END GROUP
START GROUP
LOAD C:/ST/STM32CubeIDE_1.13.2/STM32CubeIDE/plugins/com.st.stm32cube.ide.mcu.externaltools.gnu-tools-for-stm32.11.3.rel1.win32_1.1.1.202309131626/tools/bin/../lib/gcc/arm-none-eabi/11.3.1/thumb/v6-m/nofp\libgcc.a
LOAD C:/ST/STM32CubeIDE_1.13.2/STM32CubeIDE/plugins/com.st.stm32cube.ide.mcu.externaltools.gnu-tools-for-stm32.11.3.rel1.win32_1.1.1.202309131626/tools/bin/../lib/gcc/arm-none-eabi/11.3.1/../../../../arm-none-eabi/lib/thumb/v6-m/nofp\libc_nano.a
LOAD C:/ST/STM32CubeIDE_1.13.2/STM32CubeIDE/plugins/com.st.stm32cube.ide.mcu.externaltools.gnu-tools-for-stm32.11.3.rel1.win32_1.1.1.202309131626/tools/bin/../lib/gcc/arm-none-eabi/11.3.1/../../../../arm-none-eabi/lib/thumb/v6-m/nofp\libnosys.a
END GROUP
LOAD C:/ST/STM32CubeIDE_1.13.2/STM32CubeIDE/plugins/com.st.stm32cube.ide.mcu.externaltools.gnu-tools-for-stm32.11.3.rel1.win32_1.1.1.202309131626/tools/bin/../lib/gcc/arm-none-eabi/11.3.1/thumb/v6-m/nofp/crtend.o
LOAD C:/ST/STM32CubeIDE_1.13.2/STM32CubeIDE/plugins/com.st.stm32cube.ide.mcu.externaltools.gnu-tools-for-stm32.11.3.rel1.win32_1.1.1.202309131626/tools/bin/../lib/gcc/arm-none-eabi/11.3.1/thumb/v6-m/nofp/crtn.o
                0x0000000020008000                _estack = (ORIGIN (RAM) + LENGTH (RAM))
                0x0000000000000200                _Min_Heap_Size = 0x200
                0x0000000000000400                _Min_Stack_Size = 0x400

.isr_vector     0x0000000008000000       0xbc
                0x0000000008000000                . = ALIGN (0x4)
 *(.isr_vector)
 .isr_vector    0x0000000008000000       0xbc ./Core/Startup/startup_stm32f030cctx.o
                0x0000000008000000                g_pfnVectors
                0x00000000080000bc                . = ALIGN (0x4)

.text           0x00000000080000bc     0x6158
                0x00000000080000bc                . = ALIGN (0x4)
 *(.text)
 .text          0x00000000080000bc       0x48 C:/ST/STM32CubeIDE_1.13.2/STM32CubeIDE/plugins/com.st.stm32cube.ide.mcu.externaltools.gnu-tools-for-stm32.11.3.rel1.win32_1.1.1.202309131626/tools/bin/../lib/gcc/arm-none-eabi/11.3.1/thumb/v6-m/nofp/crtbegin.o
 .text          0x0000000008000104      0x114 C:/ST/STM32CubeIDE_1.13.2/STM32CubeIDE/plugins/com.st.stm32cube.ide.mcu.externaltools.gnu-tools-for-stm32.11.3.rel1.win32_1.1.1.202309131626/tools/bin/../lib/gcc/arm-none-eabi/11.3.1/thumb/v6-m/nofp\libgcc.a(_udivsi3.o)
                0x0000000008000104                __aeabi_uidiv
                0x0000000008000104                __udivsi3
                0x0000000008000210                __aeabi_uidivmod
 .text          0x0000000008000218      0x1d4 C:/ST/STM32CubeIDE_1.13.2/STM32CubeIDE/plugins/com.st.stm32cube.ide.mcu.externaltools.gnu-tools-for-stm32.11.3.rel1.win32_1.1.1.202309131626/tools/bin/../lib/gcc/arm-none-eabi/11.3.1/thumb/v6-m/nofp\libgcc.a(_divsi3.o)
                0x0000000008000218                __divsi3
                0x0000000008000218                __aeabi_idiv
                0x00000000080003e4                __aeabi_idivmod
 .text          0x00000000080003ec        0x4 C:/ST/STM32CubeIDE_1.13.2/STM32CubeIDE/plugins/com.st.stm32cube.ide.mcu.externaltools.gnu-tools-for-stm32.11.3.rel1.win32_1.1.1.202309131626/tools/bin/../lib/gcc/arm-none-eabi/11.3.1/thumb/v6-m/nofp\libgcc.a(_dvmd_tls.o)
                0x00000000080003ec                __aeabi_idiv0
                0x00000000080003ec                __aeabi_ldiv0
 .text          0x00000000080003f0       0x74 C:/ST/STM32CubeIDE_1.13.2/STM32CubeIDE/plugins/com.st.stm32cube.ide.mcu.externaltools.gnu-tools-for-stm32.11.3.rel1.win32_1.1.1.202309131626/tools/bin/../lib/gcc/arm-none-eabi/11.3.1/thumb/v6-m/nofp\libgcc.a(_arm_cmpsf2.o)
                0x00000000080003f0                __aeabi_cfrcmple
                0x00000000080003f8                __aeabi_cfcmpeq
                0x00000000080003f8                __aeabi_cfcmple
                0x0000000008000408                __aeabi_fcmpeq
                0x0000000008000414                __aeabi_fcmplt
                0x0000000008000428                __aeabi_fcmple
                0x000000000800043c                __aeabi_fcmpgt
                0x0000000008000450                __aeabi_fcmpge
 .text          0x0000000008000464       0x30 C:/ST/STM32CubeIDE_1.13.2/STM32CubeIDE/plugins/com.st.stm32cube.ide.mcu.externaltools.gnu-tools-for-stm32.11.3.rel1.win32_1.1.1.202309131626/tools/bin/../lib/gcc/arm-none-eabi/11.3.1/thumb/v6-m/nofp\libgcc.a(_fixunssfsi.o)
                0x0000000008000464                __fixunssfsi
                0x0000000008000464                __aeabi_f2uiz
 .text          0x0000000008000494      0x340 C:/ST/STM32CubeIDE_1.13.2/STM32CubeIDE/plugins/com.st.stm32cube.ide.mcu.externaltools.gnu-tools-for-stm32.11.3.rel1.win32_1.1.1.202309131626/tools/bin/../lib/gcc/arm-none-eabi/11.3.1/thumb/v6-m/nofp\libgcc.a(addsf3.o)
                0x0000000008000494                __aeabi_fadd
 .text          0x00000000080007d4      0x234 C:/ST/STM32CubeIDE_1.13.2/STM32CubeIDE/plugins/com.st.stm32cube.ide.mcu.externaltools.gnu-tools-for-stm32.11.3.rel1.win32_1.1.1.202309131626/tools/bin/../lib/gcc/arm-none-eabi/11.3.1/thumb/v6-m/nofp\libgcc.a(divsf3.o)
                0x00000000080007d4                __aeabi_fdiv
 .text          0x0000000008000a08       0x4c C:/ST/STM32CubeIDE_1.13.2/STM32CubeIDE/plugins/com.st.stm32cube.ide.mcu.externaltools.gnu-tools-for-stm32.11.3.rel1.win32_1.1.1.202309131626/tools/bin/../lib/gcc/arm-none-eabi/11.3.1/thumb/v6-m/nofp\libgcc.a(eqsf2.o)
                0x0000000008000a08                __eqsf2
                0x0000000008000a08                __nesf2
 .text          0x0000000008000a54       0x8c C:/ST/STM32CubeIDE_1.13.2/STM32CubeIDE/plugins/com.st.stm32cube.ide.mcu.externaltools.gnu-tools-for-stm32.11.3.rel1.win32_1.1.1.202309131626/tools/bin/../lib/gcc/arm-none-eabi/11.3.1/thumb/v6-m/nofp\libgcc.a(gesf2.o)
                0x0000000008000a54                __gesf2
                0x0000000008000a54                __gtsf2
 .text          0x0000000008000ae0       0x88 C:/ST/STM32CubeIDE_1.13.2/STM32CubeIDE/plugins/com.st.stm32cube.ide.mcu.externaltools.gnu-tools-for-stm32.11.3.rel1.win32_1.1.1.202309131626/tools/bin/../lib/gcc/arm-none-eabi/11.3.1/thumb/v6-m/nofp\libgcc.a(lesf2.o)
                0x0000000008000ae0                __ltsf2
                0x0000000008000ae0                __lesf2
 .text          0x0000000008000b68      0x29c C:/ST/STM32CubeIDE_1.13.2/STM32CubeIDE/plugins/com.st.stm32cube.ide.mcu.externaltools.gnu-tools-for-stm32.11.3.rel1.win32_1.1.1.202309131626/tools/bin/../lib/gcc/arm-none-eabi/11.3.1/thumb/v6-m/nofp\libgcc.a(mulsf3.o)
                0x0000000008000b68                __aeabi_fmul
 .text          0x0000000008000e04      0x340 C:/ST/STM32CubeIDE_1.13.2/STM32CubeIDE/plugins/com.st.stm32cube.ide.mcu.externaltools.gnu-tools-for-stm32.11.3.rel1.win32_1.1.1.202309131626/tools/bin/../lib/gcc/arm-none-eabi/11.3.1/thumb/v6-m/nofp\libgcc.a(subsf3.o)
                0x0000000008000e04                __aeabi_fsub
 .text          0x0000000008001144       0x40 C:/ST/STM32CubeIDE_1.13.2/STM32CubeIDE/plugins/com.st.stm32cube.ide.mcu.externaltools.gnu-tools-for-stm32.11.3.rel1.win32_1.1.1.202309131626/tools/bin/../lib/gcc/arm-none-eabi/11.3.1/thumb/v6-m/nofp\libgcc.a(fixsfsi.o)
                0x0000000008001144                __aeabi_f2iz
 .text          0x0000000008001184      0x6c0 C:/ST/STM32CubeIDE_1.13.2/STM32CubeIDE/plugins/com.st.stm32cube.ide.mcu.externaltools.gnu-tools-for-stm32.11.3.rel1.win32_1.1.1.202309131626/tools/bin/../lib/gcc/arm-none-eabi/11.3.1/thumb/v6-m/nofp\libgcc.a(adddf3.o)
                0x0000000008001184                __aeabi_dadd
 .text          0x0000000008001844      0x584 C:/ST/STM32CubeIDE_1.13.2/STM32CubeIDE/plugins/com.st.stm32cube.ide.mcu.externaltools.gnu-tools-for-stm32.11.3.rel1.win32_1.1.1.202309131626/tools/bin/../lib/gcc/arm-none-eabi/11.3.1/thumb/v6-m/nofp\libgcc.a(muldf3.o)
                0x0000000008001844                __aeabi_dmul
 .text          0x0000000008001dc8      0x704 C:/ST/STM32CubeIDE_1.13.2/STM32CubeIDE/plugins/com.st.stm32cube.ide.mcu.externaltools.gnu-tools-for-stm32.11.3.rel1.win32_1.1.1.202309131626/tools/bin/../lib/gcc/arm-none-eabi/11.3.1/thumb/v6-m/nofp\libgcc.a(subdf3.o)
                0x0000000008001dc8                __aeabi_dsub
 .text          0x00000000080024cc       0x4c C:/ST/STM32CubeIDE_1.13.2/STM32CubeIDE/plugins/com.st.stm32cube.ide.mcu.externaltools.gnu-tools-for-stm32.11.3.rel1.win32_1.1.1.202309131626/tools/bin/../lib/gcc/arm-none-eabi/11.3.1/thumb/v6-m/nofp\libgcc.a(floatunsidf.o)
                0x00000000080024cc                __aeabi_ui2d
 .text          0x0000000008002518       0x90 C:/ST/STM32CubeIDE_1.13.2/STM32CubeIDE/plugins/com.st.stm32cube.ide.mcu.externaltools.gnu-tools-for-stm32.11.3.rel1.win32_1.1.1.202309131626/tools/bin/../lib/gcc/arm-none-eabi/11.3.1/thumb/v6-m/nofp\libgcc.a(extendsfdf2.o)
                0x0000000008002518                __aeabi_f2d
 .text          0x00000000080025a8      0x10c C:/ST/STM32CubeIDE_1.13.2/STM32CubeIDE/plugins/com.st.stm32cube.ide.mcu.externaltools.gnu-tools-for-stm32.11.3.rel1.win32_1.1.1.202309131626/tools/bin/../lib/gcc/arm-none-eabi/11.3.1/thumb/v6-m/nofp\libgcc.a(truncdfsf2.o)
                0x00000000080025a8                __aeabi_d2f
 .text          0x00000000080026b4       0x3c C:/ST/STM32CubeIDE_1.13.2/STM32CubeIDE/plugins/com.st.stm32cube.ide.mcu.externaltools.gnu-tools-for-stm32.11.3.rel1.win32_1.1.1.202309131626/tools/bin/../lib/gcc/arm-none-eabi/11.3.1/thumb/v6-m/nofp\libgcc.a(_clzsi2.o)
                0x00000000080026b4                __clzsi2
 *(.text*)
 .text.drawPixel
                0x00000000080026f0       0x38 ./Core/Src/GFX_FUNCTIONS.o
                0x00000000080026f0                drawPixel
 .text.fillRect
                0x0000000008002728       0x4c ./Core/Src/GFX_FUNCTIONS.o
                0x0000000008002728                fillRect
 .text.writePixel
                0x0000000008002774       0x3c ./Core/Src/GFX_FUNCTIONS.o
                0x0000000008002774                writePixel
 .text.writeLine
                0x00000000080027b0      0x1f2 ./Core/Src/GFX_FUNCTIONS.o
                0x00000000080027b0                writeLine
 .text.drawFastVLine
                0x00000000080029a2       0x5e ./Core/Src/GFX_FUNCTIONS.o
                0x00000000080029a2                drawFastVLine
 .text.drawFastHLine
                0x0000000008002a00       0x5e ./Core/Src/GFX_FUNCTIONS.o
                0x0000000008002a00                drawFastHLine
 .text.drawRect
                0x0000000008002a5e       0xb8 ./Core/Src/GFX_FUNCTIONS.o
                0x0000000008002a5e                drawRect
 .text.fillTriangle
                0x0000000008002b16      0x464 ./Core/Src/GFX_FUNCTIONS.o
                0x0000000008002b16                fillTriangle
 *fill*         0x0000000008002f7a        0x2 
 .text.fillScreen
                0x0000000008002f7c       0x38 ./Core/Src/GFX_FUNCTIONS.o
                0x0000000008002f7c                fillScreen
 .text.ST7735_Select
                0x0000000008002fb4       0x1c ./Core/Src/ST7735.o
                0x0000000008002fb4                ST7735_Select
 .text.ST7735_Unselect
                0x0000000008002fd0       0x1c ./Core/Src/ST7735.o
                0x0000000008002fd0                ST7735_Unselect
 .text.ST7735_Reset
                0x0000000008002fec       0x2c ./Core/Src/ST7735.o
                0x0000000008002fec                ST7735_Reset
 .text.ST7735_WriteCommand
                0x0000000008003018       0x38 ./Core/Src/ST7735.o
                0x0000000008003018                ST7735_WriteCommand
 .text.ST7735_WriteData
                0x0000000008003050       0x38 ./Core/Src/ST7735.o
                0x0000000008003050                ST7735_WriteData
 .text.DisplayInit
                0x0000000008003088       0xc8 ./Core/Src/ST7735.o
                0x0000000008003088                DisplayInit
 .text.ST7735_SetAddressWindow
                0x0000000008003150       0xb0 ./Core/Src/ST7735.o
                0x0000000008003150                ST7735_SetAddressWindow
 .text.ST7735_Init
                0x0000000008003200       0x64 ./Core/Src/ST7735.o
                0x0000000008003200                ST7735_Init
 .text.ST7735_SetRotation
                0x0000000008003264      0x114 ./Core/Src/ST7735.o
                0x0000000008003264                ST7735_SetRotation
 .text.ST7735_DrawPixel
                0x0000000008003378       0x9c ./Core/Src/ST7735.o
                0x0000000008003378                ST7735_DrawPixel
 .text.ST7735_WriteChar
                0x0000000008003414      0x138 ./Core/Src/ST7735.o
                0x0000000008003414                ST7735_WriteChar
 .text.ST7735_WriteString
                0x000000000800354c      0x124 ./Core/Src/ST7735.o
                0x000000000800354c                ST7735_WriteString
 .text.ST7735_FillRectangle
                0x0000000008003670      0x160 ./Core/Src/ST7735.o
                0x0000000008003670                ST7735_FillRectangle
 .text.main     0x00000000080037d0       0x40 ./Core/Src/main.o
                0x00000000080037d0                main
 .text.SystemClock_Config
                0x0000000008003810       0xa2 ./Core/Src/main.o
                0x0000000008003810                SystemClock_Config
 *fill*         0x00000000080038b2        0x2 
 .text.MX_ADC_Init
                0x00000000080038b4       0xb8 ./Core/Src/main.o
 .text.MX_SPI1_Init
                0x000000000800396c       0x7c ./Core/Src/main.o
 .text.MX_GPIO_Init
                0x00000000080039e8      0x130 ./Core/Src/main.o
 .text.Error_Handler
                0x0000000008003b18        0xa ./Core/Src/main.o
                0x0000000008003b18                Error_Handler
 *fill*         0x0000000008003b22        0x2 
 .text.pHMeter_process
                0x0000000008003b24       0x64 ./Core/Src/pH_meter.o
                0x0000000008003b24                pHMeter_process
 .text.pH_read  0x0000000008003b88      0x140 ./Core/Src/pH_meter.o
                0x0000000008003b88                pH_read
 .text.idlePage
                0x0000000008003cc8       0xf0 ./Core/Src/pH_meter.o
                0x0000000008003cc8                idlePage
 .text.mainPage
                0x0000000008003db8      0x11c ./Core/Src/pH_meter.o
                0x0000000008003db8                mainPage
 .text.circuitCalibPage
                0x0000000008003ed4       0x10 ./Core/Src/pH_meter.o
                0x0000000008003ed4                circuitCalibPage
 .text.processStatus_update
                0x0000000008003ee4       0x58 ./Core/Src/pH_meter.o
 .text.pHStatus_update
                0x0000000008003f3c       0xac ./Core/Src/pH_meter.o
 .text.mainPage_graphics
                0x0000000008003fe8       0x1c ./Core/Src/pH_meter.o
 .text.pageTitle_graphics
                0x0000000008004004       0x84 ./Core/Src/pH_meter.o
 .text.colorBar_graphics
                0x0000000008004088      0x168 ./Core/Src/pH_meter.o
 .text.HAL_MspInit
                0x00000000080041f0       0x48 ./Core/Src/stm32f0xx_hal_msp.o
                0x00000000080041f0                HAL_MspInit
 .text.HAL_ADC_MspInit
                0x0000000008004238       0x8c ./Core/Src/stm32f0xx_hal_msp.o
                0x0000000008004238                HAL_ADC_MspInit
 .text.HAL_SPI_MspInit
                0x00000000080042c4       0x98 ./Core/Src/stm32f0xx_hal_msp.o
                0x00000000080042c4                HAL_SPI_MspInit
 .text.NMI_Handler
                0x000000000800435c        0x6 ./Core/Src/stm32f0xx_it.o
                0x000000000800435c                NMI_Handler
 .text.HardFault_Handler
                0x0000000008004362        0x6 ./Core/Src/stm32f0xx_it.o
                0x0000000008004362                HardFault_Handler
 .text.SVC_Handler
                0x0000000008004368        0xa ./Core/Src/stm32f0xx_it.o
                0x0000000008004368                SVC_Handler
 .text.PendSV_Handler
                0x0000000008004372        0xa ./Core/Src/stm32f0xx_it.o
                0x0000000008004372                PendSV_Handler
 .text.SysTick_Handler
                0x000000000800437c        0xe ./Core/Src/stm32f0xx_it.o
                0x000000000800437c                SysTick_Handler
 .text.SystemInit
                0x000000000800438a        0xa ./Core/Src/system_stm32f0xx.o
                0x000000000800438a                SystemInit
 .text.getTimeMs
                0x0000000008004394       0x18 ./Core/Src/user_sysfunc.o
                0x0000000008004394                getTimeMs
 .text.getDelayMs
                0x00000000080043ac       0x3c ./Core/Src/user_sysfunc.o
                0x00000000080043ac                getDelayMs
 .text.floatToString
                0x00000000080043e8      0x1b0 ./Core/Src/user_sysfunc.o
                0x00000000080043e8                floatToString
 .text.Reset_Handler
                0x0000000008004598       0x50 ./Core/Startup/startup_stm32f030cctx.o
                0x0000000008004598                Reset_Handler
 .text.Default_Handler
                0x00000000080045e8        0x2 ./Core/Startup/startup_stm32f030cctx.o
                0x00000000080045e8                TIM1_CC_IRQHandler
                0x00000000080045e8                TIM6_IRQHandler
                0x00000000080045e8                I2C1_IRQHandler
                0x00000000080045e8                SPI1_IRQHandler
                0x00000000080045e8                EXTI2_3_IRQHandler
                0x00000000080045e8                ADC1_IRQHandler
                0x00000000080045e8                I2C2_IRQHandler
                0x00000000080045e8                USART3_6_IRQHandler
                0x00000000080045e8                TIM17_IRQHandler
                0x00000000080045e8                RTC_IRQHandler
                0x00000000080045e8                TIM16_IRQHandler
                0x00000000080045e8                TIM3_IRQHandler
                0x00000000080045e8                EXTI4_15_IRQHandler
                0x00000000080045e8                RCC_IRQHandler
                0x00000000080045e8                DMA1_Channel1_IRQHandler
                0x00000000080045e8                Default_Handler
                0x00000000080045e8                TIM14_IRQHandler
                0x00000000080045e8                DMA1_Channel4_5_IRQHandler
                0x00000000080045e8                TIM7_IRQHandler
                0x00000000080045e8                TIM15_IRQHandler
                0x00000000080045e8                EXTI0_1_IRQHandler
                0x00000000080045e8                SPI2_IRQHandler
                0x00000000080045e8                WWDG_IRQHandler
                0x00000000080045e8                DMA1_Channel2_3_IRQHandler
                0x00000000080045e8                USART2_IRQHandler
                0x00000000080045e8                FLASH_IRQHandler
                0x00000000080045e8                USART1_IRQHandler
                0x00000000080045e8                TIM1_BRK_UP_TRG_COM_IRQHandler
 *fill*         0x00000000080045ea        0x2 
 .text.HAL_Init
                0x00000000080045ec       0x28 ./Drivers/STM32F0xx_HAL_Driver/Src/stm32f0xx_hal.o
                0x00000000080045ec                HAL_Init
 .text.HAL_InitTick
                0x0000000008004614       0x68 ./Drivers/STM32F0xx_HAL_Driver/Src/stm32f0xx_hal.o
                0x0000000008004614                HAL_InitTick
 .text.HAL_IncTick
                0x000000000800467c       0x24 ./Drivers/STM32F0xx_HAL_Driver/Src/stm32f0xx_hal.o
                0x000000000800467c                HAL_IncTick
 .text.HAL_GetTick
                0x00000000080046a0       0x14 ./Drivers/STM32F0xx_HAL_Driver/Src/stm32f0xx_hal.o
                0x00000000080046a0                HAL_GetTick
 .text.HAL_GetTickFreq
                0x00000000080046b4       0x14 ./Drivers/STM32F0xx_HAL_Driver/Src/stm32f0xx_hal.o
                0x00000000080046b4                HAL_GetTickFreq
 .text.HAL_Delay
                0x00000000080046c8       0x48 ./Drivers/STM32F0xx_HAL_Driver/Src/stm32f0xx_hal.o
                0x00000000080046c8                HAL_Delay
 .text.HAL_ADC_Init
                0x0000000008004710      0x280 ./Drivers/STM32F0xx_HAL_Driver/Src/stm32f0xx_hal_adc.o
                0x0000000008004710                HAL_ADC_Init
 .text.HAL_ADC_Start
                0x0000000008004990       0xa8 ./Drivers/STM32F0xx_HAL_Driver/Src/stm32f0xx_hal_adc.o
                0x0000000008004990                HAL_ADC_Start
 .text.HAL_ADC_GetValue
                0x0000000008004a38       0x16 ./Drivers/STM32F0xx_HAL_Driver/Src/stm32f0xx_hal_adc.o
                0x0000000008004a38                HAL_ADC_GetValue
 *fill*         0x0000000008004a4e        0x2 
 .text.HAL_ADC_ConfigChannel
                0x0000000008004a50      0x1ec ./Drivers/STM32F0xx_HAL_Driver/Src/stm32f0xx_hal_adc.o
                0x0000000008004a50                HAL_ADC_ConfigChannel
 .text.ADC_Enable
                0x0000000008004c3c      0x108 ./Drivers/STM32F0xx_HAL_Driver/Src/stm32f0xx_hal_adc.o
 .text.__NVIC_SetPriority
                0x0000000008004d44       0xdc ./Drivers/STM32F0xx_HAL_Driver/Src/stm32f0xx_hal_cortex.o
 .text.SysTick_Config
                0x0000000008004e20       0x48 ./Drivers/STM32F0xx_HAL_Driver/Src/stm32f0xx_hal_cortex.o
 .text.HAL_NVIC_SetPriority
                0x0000000008004e68       0x2a ./Drivers/STM32F0xx_HAL_Driver/Src/stm32f0xx_hal_cortex.o
                0x0000000008004e68                HAL_NVIC_SetPriority
 .text.HAL_SYSTICK_Config
                0x0000000008004e92       0x1a ./Drivers/STM32F0xx_HAL_Driver/Src/stm32f0xx_hal_cortex.o
                0x0000000008004e92                HAL_SYSTICK_Config
 .text.HAL_GPIO_Init
                0x0000000008004eac      0x2e0 ./Drivers/STM32F0xx_HAL_Driver/Src/stm32f0xx_hal_gpio.o
                0x0000000008004eac                HAL_GPIO_Init
 .text.HAL_GPIO_ReadPin
                0x000000000800518c       0x3a ./Drivers/STM32F0xx_HAL_Driver/Src/stm32f0xx_hal_gpio.o
                0x000000000800518c                HAL_GPIO_ReadPin
 .text.HAL_GPIO_WritePin
                0x00000000080051c6       0x3a ./Drivers/STM32F0xx_HAL_Driver/Src/stm32f0xx_hal_gpio.o
                0x00000000080051c6                HAL_GPIO_WritePin
 .text.HAL_RCC_OscConfig
                0x0000000008005200      0x63c ./Drivers/STM32F0xx_HAL_Driver/Src/stm32f0xx_hal_rcc.o
                0x0000000008005200                HAL_RCC_OscConfig
 .text.HAL_RCC_ClockConfig
                0x000000000800583c      0x19c ./Drivers/STM32F0xx_HAL_Driver/Src/stm32f0xx_hal_rcc.o
                0x000000000800583c                HAL_RCC_ClockConfig
 .text.HAL_RCC_GetSysClockFreq
                0x00000000080059d8       0xb0 ./Drivers/STM32F0xx_HAL_Driver/Src/stm32f0xx_hal_rcc.o
                0x00000000080059d8                HAL_RCC_GetSysClockFreq
 .text.HAL_SPI_Init
                0x0000000008005a88      0x170 ./Drivers/STM32F0xx_HAL_Driver/Src/stm32f0xx_hal_spi.o
                0x0000000008005a88                HAL_SPI_Init
 .text.HAL_SPI_Transmit
                0x0000000008005bf8      0x2be ./Drivers/STM32F0xx_HAL_Driver/Src/stm32f0xx_hal_spi.o
                0x0000000008005bf8                HAL_SPI_Transmit
 *fill*         0x0000000008005eb6        0x2 
 .text.SPI_WaitFlagStateUntilTimeout
                0x0000000008005eb8      0x11c ./Drivers/STM32F0xx_HAL_Driver/Src/stm32f0xx_hal_spi.o
 .text.SPI_WaitFifoStateUntilTimeout
                0x0000000008005fd4      0x144 ./Drivers/STM32F0xx_HAL_Driver/Src/stm32f0xx_hal_spi.o
 .text.SPI_EndRxTxTransaction
                0x0000000008006118       0x8c ./Drivers/STM32F0xx_HAL_Driver/Src/stm32f0xx_hal_spi.o
 .text.memset   0x00000000080061a4       0x10 C:/ST/STM32CubeIDE_1.13.2/STM32CubeIDE/plugins/com.st.stm32cube.ide.mcu.externaltools.gnu-tools-for-stm32.11.3.rel1.win32_1.1.1.202309131626/tools/bin/../lib/gcc/arm-none-eabi/11.3.1/../../../../arm-none-eabi/lib/thumb/v6-m/nofp\libc_nano.a(libc_a-memset.o)
                0x00000000080061a4                memset
 .text.__libc_init_array
                0x00000000080061b4       0x48 C:/ST/STM32CubeIDE_1.13.2/STM32CubeIDE/plugins/com.st.stm32cube.ide.mcu.externaltools.gnu-tools-for-stm32.11.3.rel1.win32_1.1.1.202309131626/tools/bin/../lib/gcc/arm-none-eabi/11.3.1/../../../../arm-none-eabi/lib/thumb/v6-m/nofp\libc_nano.a(libc_a-init.o)
                0x00000000080061b4                __libc_init_array
 *(.glue_7)
 .glue_7        0x00000000080061fc        0x0 linker stubs
 *(.glue_7t)
 .glue_7t       0x00000000080061fc        0x0 linker stubs
 *(.eh_frame)
 .eh_frame      0x00000000080061fc        0x0 C:/ST/STM32CubeIDE_1.13.2/STM32CubeIDE/plugins/com.st.stm32cube.ide.mcu.externaltools.gnu-tools-for-stm32.11.3.rel1.win32_1.1.1.202309131626/tools/bin/../lib/gcc/arm-none-eabi/11.3.1/thumb/v6-m/nofp/crtbegin.o
 *(.init)
 .init          0x00000000080061fc        0x4 C:/ST/STM32CubeIDE_1.13.2/STM32CubeIDE/plugins/com.st.stm32cube.ide.mcu.externaltools.gnu-tools-for-stm32.11.3.rel1.win32_1.1.1.202309131626/tools/bin/../lib/gcc/arm-none-eabi/11.3.1/thumb/v6-m/nofp/crti.o
                0x00000000080061fc                _init
 .init          0x0000000008006200        0x8 C:/ST/STM32CubeIDE_1.13.2/STM32CubeIDE/plugins/com.st.stm32cube.ide.mcu.externaltools.gnu-tools-for-stm32.11.3.rel1.win32_1.1.1.202309131626/tools/bin/../lib/gcc/arm-none-eabi/11.3.1/thumb/v6-m/nofp/crtn.o
 *(.fini)
 .fini          0x0000000008006208        0x4 C:/ST/STM32CubeIDE_1.13.2/STM32CubeIDE/plugins/com.st.stm32cube.ide.mcu.externaltools.gnu-tools-for-stm32.11.3.rel1.win32_1.1.1.202309131626/tools/bin/../lib/gcc/arm-none-eabi/11.3.1/thumb/v6-m/nofp/crti.o
                0x0000000008006208                _fini
 .fini          0x000000000800620c        0x8 C:/ST/STM32CubeIDE_1.13.2/STM32CubeIDE/plugins/com.st.stm32cube.ide.mcu.externaltools.gnu-tools-for-stm32.11.3.rel1.win32_1.1.1.202309131626/tools/bin/../lib/gcc/arm-none-eabi/11.3.1/thumb/v6-m/nofp/crtn.o
                0x0000000008006214                . = ALIGN (0x4)
                0x0000000008006214                _etext = .

.vfp11_veneer   0x0000000008006214        0x0
 .vfp11_veneer  0x0000000008006214        0x0 linker stubs

.v4_bx          0x0000000008006214        0x0
 .v4_bx         0x0000000008006214        0x0 linker stubs

.iplt           0x0000000008006214        0x0
 .iplt          0x0000000008006214        0x0 C:/ST/STM32CubeIDE_1.13.2/STM32CubeIDE/plugins/com.st.stm32cube.ide.mcu.externaltools.gnu-tools-for-stm32.11.3.rel1.win32_1.1.1.202309131626/tools/bin/../lib/gcc/arm-none-eabi/11.3.1/thumb/v6-m/nofp/crtbegin.o

.rodata         0x0000000008006214     0x2988
                0x0000000008006214                . = ALIGN (0x4)
 *(.rodata)
 .rodata        0x0000000008006214       0x4f ./Core/Src/pH_meter.o
 *fill*         0x0000000008006263        0x1 
 .rodata        0x0000000008006264       0x80 C:/ST/STM32CubeIDE_1.13.2/STM32CubeIDE/plugins/com.st.stm32cube.ide.mcu.externaltools.gnu-tools-for-stm32.11.3.rel1.win32_1.1.1.202309131626/tools/bin/../lib/gcc/arm-none-eabi/11.3.1/thumb/v6-m/nofp\libgcc.a(divsf3.o)
 *(.rodata*)
 .rodata.init_cmds1
                0x00000000080062e4       0x38 ./Core/Src/ST7735.o
                0x00000000080062e4                init_cmds1
 .rodata.init_cmds2
                0x000000000800631c        0xd ./Core/Src/ST7735.o
                0x000000000800631c                init_cmds2
 *fill*         0x0000000008006329        0x3 
 .rodata.init_cmds3
                0x000000000800632c       0x2b ./Core/Src/ST7735.o
                0x000000000800632c                init_cmds3
 *fill*         0x0000000008006357        0x1 
 .rodata.Font7x10
                0x0000000008006358      0x76c ./Core/Src/fonts.o
 .rodata.Font11x18
                0x0000000008006ac4      0xd5c ./Core/Src/fonts.o
 .rodata.Font16x26
                0x0000000008007820     0x134c ./Core/Src/fonts.o
 .rodata.AHBPrescTable
                0x0000000008008b6c       0x10 ./Core/Src/system_stm32f0xx.o
                0x0000000008008b6c                AHBPrescTable
 .rodata.aPLLMULFactorTable.1
                0x0000000008008b7c       0x10 ./Drivers/STM32F0xx_HAL_Driver/Src/stm32f0xx_hal_rcc.o
 .rodata.aPredivFactorTable.0
                0x0000000008008b8c       0x10 ./Drivers/STM32F0xx_HAL_Driver/Src/stm32f0xx_hal_rcc.o
                0x0000000008008b9c                . = ALIGN (0x4)

.rel.dyn        0x0000000008008b9c        0x0
 .rel.iplt      0x0000000008008b9c        0x0 C:/ST/STM32CubeIDE_1.13.2/STM32CubeIDE/plugins/com.st.stm32cube.ide.mcu.externaltools.gnu-tools-for-stm32.11.3.rel1.win32_1.1.1.202309131626/tools/bin/../lib/gcc/arm-none-eabi/11.3.1/thumb/v6-m/nofp/crtbegin.o

.ARM.extab      0x0000000008008b9c        0x0
                0x0000000008008b9c                . = ALIGN (0x4)
 *(.ARM.extab* .gnu.linkonce.armextab.*)
                0x0000000008008b9c                . = ALIGN (0x4)

.ARM            0x0000000008008b9c        0x0
                0x0000000008008b9c                . = ALIGN (0x4)
                0x0000000008008b9c                __exidx_start = .
 *(.ARM.exidx*)
                0x0000000008008b9c                __exidx_end = .
                0x0000000008008b9c                . = ALIGN (0x4)

.preinit_array  0x0000000008008b9c        0x0
                0x0000000008008b9c                . = ALIGN (0x4)
                0x0000000008008b9c                PROVIDE (__preinit_array_start = .)
 *(.preinit_array*)
                0x0000000008008b9c                PROVIDE (__preinit_array_end = .)
                0x0000000008008b9c                . = ALIGN (0x4)

.init_array     0x0000000008008b9c        0x4
                0x0000000008008b9c                . = ALIGN (0x4)
                0x0000000008008b9c                PROVIDE (__init_array_start = .)
 *(SORT_BY_NAME(.init_array.*))
 *(.init_array*)
 .init_array    0x0000000008008b9c        0x4 C:/ST/STM32CubeIDE_1.13.2/STM32CubeIDE/plugins/com.st.stm32cube.ide.mcu.externaltools.gnu-tools-for-stm32.11.3.rel1.win32_1.1.1.202309131626/tools/bin/../lib/gcc/arm-none-eabi/11.3.1/thumb/v6-m/nofp/crtbegin.o
                0x0000000008008ba0                PROVIDE (__init_array_end = .)
                0x0000000008008ba0                . = ALIGN (0x4)

.fini_array     0x0000000008008ba0        0x4
                0x0000000008008ba0                . = ALIGN (0x4)
                [!provide]                        PROVIDE (__fini_array_start = .)
 *(SORT_BY_NAME(.fini_array.*))
 *(.fini_array*)
 .fini_array    0x0000000008008ba0        0x4 C:/ST/STM32CubeIDE_1.13.2/STM32CubeIDE/plugins/com.st.stm32cube.ide.mcu.externaltools.gnu-tools-for-stm32.11.3.rel1.win32_1.1.1.202309131626/tools/bin/../lib/gcc/arm-none-eabi/11.3.1/thumb/v6-m/nofp/crtbegin.o
                [!provide]                        PROVIDE (__fini_array_end = .)
                0x0000000008008ba4                . = ALIGN (0x4)
                0x0000000008008ba4                _sidata = LOADADDR (.data)

.data           0x0000000020000000       0x30 load address 0x0000000008008ba4
                0x0000000020000000                . = ALIGN (0x4)
                0x0000000020000000                _sdata = .
 *(.data)
 *(.data*)
 .data.Font_7x10
                0x0000000020000000        0x8 ./Core/Src/fonts.o
                0x0000000020000000                Font_7x10
 .data.Font_11x18
                0x0000000020000008        0x8 ./Core/Src/fonts.o
                0x0000000020000008                Font_11x18
 .data.Font_16x26
                0x0000000020000010        0x8 ./Core/Src/fonts.o
                0x0000000020000010                Font_16x26
 .data.first    0x0000000020000018        0x1 ./Core/Src/pH_meter.o
                0x0000000020000018                first
 *fill*         0x0000000020000019        0x3 
 .data.pH_current
                0x000000002000001c        0x4 ./Core/Src/pH_meter.o
                0x000000002000001c                pH_current
 .data.process_status
                0x0000000020000020        0x1 ./Core/Src/pH_meter.o
                0x0000000020000020                process_status
 .data.pH_status
                0x0000000020000021        0x1 ./Core/Src/pH_meter.o
                0x0000000020000021                pH_status
 .data.mainColor.1
                0x0000000020000022        0x2 ./Core/Src/pH_meter.o
 .data.SystemCoreClock
                0x0000000020000024        0x4 ./Core/Src/system_stm32f0xx.o
                0x0000000020000024                SystemCoreClock
 .data.uwTickPrio
                0x0000000020000028        0x4 ./Drivers/STM32F0xx_HAL_Driver/Src/stm32f0xx_hal.o
                0x0000000020000028                uwTickPrio
 .data.uwTickFreq
                0x000000002000002c        0x1 ./Drivers/STM32F0xx_HAL_Driver/Src/stm32f0xx_hal.o
                0x000000002000002c                uwTickFreq
 *(.RamFunc)
 *(.RamFunc*)
                0x0000000020000030                . = ALIGN (0x4)
 *fill*         0x000000002000002d        0x3 
                0x0000000020000030                _edata = .

.igot.plt       0x0000000020000030        0x0 load address 0x0000000008008bd4
 .igot.plt      0x0000000020000030        0x0 C:/ST/STM32CubeIDE_1.13.2/STM32CubeIDE/plugins/com.st.stm32cube.ide.mcu.externaltools.gnu-tools-for-stm32.11.3.rel1.win32_1.1.1.202309131626/tools/bin/../lib/gcc/arm-none-eabi/11.3.1/thumb/v6-m/nofp/crtbegin.o
                0x0000000020000030                . = ALIGN (0x4)

.bss            0x0000000020000030       0xf4 load address 0x0000000008008bd4
                0x0000000020000030                _sbss = .
                0x0000000020000030                __bss_start__ = _sbss
 *(.bss)
 .bss           0x0000000020000030       0x1c C:/ST/STM32CubeIDE_1.13.2/STM32CubeIDE/plugins/com.st.stm32cube.ide.mcu.externaltools.gnu-tools-for-stm32.11.3.rel1.win32_1.1.1.202309131626/tools/bin/../lib/gcc/arm-none-eabi/11.3.1/thumb/v6-m/nofp/crtbegin.o
 *(.bss*)
 .bss._width    0x000000002000004c        0x2 ./Core/Src/ST7735.o
                0x000000002000004c                _width
 .bss._height   0x000000002000004e        0x2 ./Core/Src/ST7735.o
                0x000000002000004e                _height
 .bss.rotation  0x0000000020000050        0x1 ./Core/Src/ST7735.o
                0x0000000020000050                rotation
 .bss._colstart
                0x0000000020000051        0x1 ./Core/Src/ST7735.o
                0x0000000020000051                _colstart
 .bss._rowstart
                0x0000000020000052        0x1 ./Core/Src/ST7735.o
                0x0000000020000052                _rowstart
 .bss._xstart   0x0000000020000053        0x1 ./Core/Src/ST7735.o
                0x0000000020000053                _xstart
 .bss._ystart   0x0000000020000054        0x1 ./Core/Src/ST7735.o
                0x0000000020000054                _ystart
 *fill*         0x0000000020000055        0x3 
 .bss.hadc      0x0000000020000058       0x40 ./Core/Src/main.o
                0x0000000020000058                hadc
 .bss.hspi1     0x0000000020000098       0x64 ./Core/Src/main.o
                0x0000000020000098                hspi1
 .bss.pHTimeStamp
                0x00000000200000fc        0x4 ./Core/Src/pH_meter.o
                0x00000000200000fc                pHTimeStamp
 .bss.count.4   0x0000000020000100        0x4 ./Core/Src/pH_meter.o
 .bss.buff.3    0x0000000020000104       0x18 ./Core/Src/pH_meter.o
 .bss.main_pH_status.2
                0x000000002000011c        0x1 ./Core/Src/pH_meter.o
 .bss.local_process_status.0
                0x000000002000011d        0x1 ./Core/Src/pH_meter.o
 *fill*         0x000000002000011e        0x2 
 .bss.uwTick    0x0000000020000120        0x4 ./Drivers/STM32F0xx_HAL_Driver/Src/stm32f0xx_hal.o
                0x0000000020000120                uwTick
 *(COMMON)
                0x0000000020000124                . = ALIGN (0x4)
                0x0000000020000124                _ebss = .
                0x0000000020000124                __bss_end__ = _ebss

._user_heap_stack
                0x0000000020000124      0x604 load address 0x0000000008008bd4
                0x0000000020000128                . = ALIGN (0x8)
 *fill*         0x0000000020000124        0x4 
                [!provide]                        PROVIDE (end = .)
                0x0000000020000128                PROVIDE (_end = .)
                0x0000000020000328                . = (. + _Min_Heap_Size)
 *fill*         0x0000000020000128      0x200 
                0x0000000020000728                . = (. + _Min_Stack_Size)
 *fill*         0x0000000020000328      0x400 
                0x0000000020000728                . = ALIGN (0x8)

/DISCARD/
 libc.a(*)
 libm.a(*)
 libgcc.a(*)

.ARM.attributes
                0x0000000000000000       0x28
 *(.ARM.attributes)
 .ARM.attributes
                0x0000000000000000       0x1e C:/ST/STM32CubeIDE_1.13.2/STM32CubeIDE/plugins/com.st.stm32cube.ide.mcu.externaltools.gnu-tools-for-stm32.11.3.rel1.win32_1.1.1.202309131626/tools/bin/../lib/gcc/arm-none-eabi/11.3.1/thumb/v6-m/nofp/crti.o
 .ARM.attributes
                0x000000000000001e       0x2c C:/ST/STM32CubeIDE_1.13.2/STM32CubeIDE/plugins/com.st.stm32cube.ide.mcu.externaltools.gnu-tools-for-stm32.11.3.rel1.win32_1.1.1.202309131626/tools/bin/../lib/gcc/arm-none-eabi/11.3.1/thumb/v6-m/nofp/crtbegin.o
 .ARM.attributes
                0x000000000000004a       0x2c ./Core/Src/GFX_FUNCTIONS.o
 .ARM.attributes
                0x0000000000000076       0x2c ./Core/Src/ST7735.o
 .ARM.attributes
                0x00000000000000a2       0x2c ./Core/Src/fonts.o
 .ARM.attributes
                0x00000000000000ce       0x2c ./Core/Src/main.o
 .ARM.attributes
                0x00000000000000fa       0x2c ./Core/Src/pH_meter.o
 .ARM.attributes
                0x0000000000000126       0x2c ./Core/Src/stm32f0xx_hal_msp.o
 .ARM.attributes
                0x0000000000000152       0x2c ./Core/Src/stm32f0xx_it.o
 .ARM.attributes
                0x000000000000017e       0x2c ./Core/Src/system_stm32f0xx.o
 .ARM.attributes
                0x00000000000001aa       0x2c ./Core/Src/user_sysfunc.o
 .ARM.attributes
                0x00000000000001d6       0x21 ./Core/Startup/startup_stm32f030cctx.o
 .ARM.attributes
                0x00000000000001f7       0x2c ./Drivers/STM32F0xx_HAL_Driver/Src/stm32f0xx_hal.o
 .ARM.attributes
                0x0000000000000223       0x2c ./Drivers/STM32F0xx_HAL_Driver/Src/stm32f0xx_hal_adc.o
 .ARM.attributes
                0x000000000000024f       0x2c ./Drivers/STM32F0xx_HAL_Driver/Src/stm32f0xx_hal_cortex.o
 .ARM.attributes
                0x000000000000027b       0x2c ./Drivers/STM32F0xx_HAL_Driver/Src/stm32f0xx_hal_gpio.o
 .ARM.attributes
                0x00000000000002a7       0x2c ./Drivers/STM32F0xx_HAL_Driver/Src/stm32f0xx_hal_rcc.o
 .ARM.attributes
                0x00000000000002d3       0x2c ./Drivers/STM32F0xx_HAL_Driver/Src/stm32f0xx_hal_spi.o
 .ARM.attributes
                0x00000000000002ff       0x2c C:/ST/STM32CubeIDE_1.13.2/STM32CubeIDE/plugins/com.st.stm32cube.ide.mcu.externaltools.gnu-tools-for-stm32.11.3.rel1.win32_1.1.1.202309131626/tools/bin/../lib/gcc/arm-none-eabi/11.3.1/../../../../arm-none-eabi/lib/thumb/v6-m/nofp\libc_nano.a(libc_a-memset.o)
 .ARM.attributes
                0x000000000000032b       0x2c C:/ST/STM32CubeIDE_1.13.2/STM32CubeIDE/plugins/com.st.stm32cube.ide.mcu.externaltools.gnu-tools-for-stm32.11.3.rel1.win32_1.1.1.202309131626/tools/bin/../lib/gcc/arm-none-eabi/11.3.1/../../../../arm-none-eabi/lib/thumb/v6-m/nofp\libc_nano.a(libc_a-init.o)
 .ARM.attributes
                0x0000000000000357       0x1e C:/ST/STM32CubeIDE_1.13.2/STM32CubeIDE/plugins/com.st.stm32cube.ide.mcu.externaltools.gnu-tools-for-stm32.11.3.rel1.win32_1.1.1.202309131626/tools/bin/../lib/gcc/arm-none-eabi/11.3.1/thumb/v6-m/nofp\libgcc.a(_udivsi3.o)
 .ARM.attributes
                0x0000000000000375       0x1e C:/ST/STM32CubeIDE_1.13.2/STM32CubeIDE/plugins/com.st.stm32cube.ide.mcu.externaltools.gnu-tools-for-stm32.11.3.rel1.win32_1.1.1.202309131626/tools/bin/../lib/gcc/arm-none-eabi/11.3.1/thumb/v6-m/nofp\libgcc.a(_divsi3.o)
 .ARM.attributes
                0x0000000000000393       0x1e C:/ST/STM32CubeIDE_1.13.2/STM32CubeIDE/plugins/com.st.stm32cube.ide.mcu.externaltools.gnu-tools-for-stm32.11.3.rel1.win32_1.1.1.202309131626/tools/bin/../lib/gcc/arm-none-eabi/11.3.1/thumb/v6-m/nofp\libgcc.a(_dvmd_tls.o)
 .ARM.attributes
                0x00000000000003b1       0x1e C:/ST/STM32CubeIDE_1.13.2/STM32CubeIDE/plugins/com.st.stm32cube.ide.mcu.externaltools.gnu-tools-for-stm32.11.3.rel1.win32_1.1.1.202309131626/tools/bin/../lib/gcc/arm-none-eabi/11.3.1/thumb/v6-m/nofp\libgcc.a(_arm_cmpsf2.o)
 .ARM.attributes
                0x00000000000003cf       0x2c C:/ST/STM32CubeIDE_1.13.2/STM32CubeIDE/plugins/com.st.stm32cube.ide.mcu.externaltools.gnu-tools-for-stm32.11.3.rel1.win32_1.1.1.202309131626/tools/bin/../lib/gcc/arm-none-eabi/11.3.1/thumb/v6-m/nofp\libgcc.a(_fixunssfsi.o)
 .ARM.attributes
                0x00000000000003fb       0x2c C:/ST/STM32CubeIDE_1.13.2/STM32CubeIDE/plugins/com.st.stm32cube.ide.mcu.externaltools.gnu-tools-for-stm32.11.3.rel1.win32_1.1.1.202309131626/tools/bin/../lib/gcc/arm-none-eabi/11.3.1/thumb/v6-m/nofp\libgcc.a(addsf3.o)
 .ARM.attributes
                0x0000000000000427       0x2c C:/ST/STM32CubeIDE_1.13.2/STM32CubeIDE/plugins/com.st.stm32cube.ide.mcu.externaltools.gnu-tools-for-stm32.11.3.rel1.win32_1.1.1.202309131626/tools/bin/../lib/gcc/arm-none-eabi/11.3.1/thumb/v6-m/nofp\libgcc.a(divsf3.o)
 .ARM.attributes
                0x0000000000000453       0x2c C:/ST/STM32CubeIDE_1.13.2/STM32CubeIDE/plugins/com.st.stm32cube.ide.mcu.externaltools.gnu-tools-for-stm32.11.3.rel1.win32_1.1.1.202309131626/tools/bin/../lib/gcc/arm-none-eabi/11.3.1/thumb/v6-m/nofp\libgcc.a(eqsf2.o)
 .ARM.attributes
                0x000000000000047f       0x2c C:/ST/STM32CubeIDE_1.13.2/STM32CubeIDE/plugins/com.st.stm32cube.ide.mcu.externaltools.gnu-tools-for-stm32.11.3.rel1.win32_1.1.1.202309131626/tools/bin/../lib/gcc/arm-none-eabi/11.3.1/thumb/v6-m/nofp\libgcc.a(gesf2.o)
 .ARM.attributes
                0x00000000000004ab       0x2c C:/ST/STM32CubeIDE_1.13.2/STM32CubeIDE/plugins/com.st.stm32cube.ide.mcu.externaltools.gnu-tools-for-stm32.11.3.rel1.win32_1.1.1.202309131626/tools/bin/../lib/gcc/arm-none-eabi/11.3.1/thumb/v6-m/nofp\libgcc.a(lesf2.o)
 .ARM.attributes
                0x00000000000004d7       0x2c C:/ST/STM32CubeIDE_1.13.2/STM32CubeIDE/plugins/com.st.stm32cube.ide.mcu.externaltools.gnu-tools-for-stm32.11.3.rel1.win32_1.1.1.202309131626/tools/bin/../lib/gcc/arm-none-eabi/11.3.1/thumb/v6-m/nofp\libgcc.a(mulsf3.o)
 .ARM.attributes
                0x0000000000000503       0x2c C:/ST/STM32CubeIDE_1.13.2/STM32CubeIDE/plugins/com.st.stm32cube.ide.mcu.externaltools.gnu-tools-for-stm32.11.3.rel1.win32_1.1.1.202309131626/tools/bin/../lib/gcc/arm-none-eabi/11.3.1/thumb/v6-m/nofp\libgcc.a(subsf3.o)
 .ARM.attributes
                0x000000000000052f       0x2c C:/ST/STM32CubeIDE_1.13.2/STM32CubeIDE/plugins/com.st.stm32cube.ide.mcu.externaltools.gnu-tools-for-stm32.11.3.rel1.win32_1.1.1.202309131626/tools/bin/../lib/gcc/arm-none-eabi/11.3.1/thumb/v6-m/nofp\libgcc.a(fixsfsi.o)
 .ARM.attributes
                0x000000000000055b       0x2c C:/ST/STM32CubeIDE_1.13.2/STM32CubeIDE/plugins/com.st.stm32cube.ide.mcu.externaltools.gnu-tools-for-stm32.11.3.rel1.win32_1.1.1.202309131626/tools/bin/../lib/gcc/arm-none-eabi/11.3.1/thumb/v6-m/nofp\libgcc.a(adddf3.o)
 .ARM.attributes
                0x0000000000000587       0x2c C:/ST/STM32CubeIDE_1.13.2/STM32CubeIDE/plugins/com.st.stm32cube.ide.mcu.externaltools.gnu-tools-for-stm32.11.3.rel1.win32_1.1.1.202309131626/tools/bin/../lib/gcc/arm-none-eabi/11.3.1/thumb/v6-m/nofp\libgcc.a(muldf3.o)
 .ARM.attributes
                0x00000000000005b3       0x2c C:/ST/STM32CubeIDE_1.13.2/STM32CubeIDE/plugins/com.st.stm32cube.ide.mcu.externaltools.gnu-tools-for-stm32.11.3.rel1.win32_1.1.1.202309131626/tools/bin/../lib/gcc/arm-none-eabi/11.3.1/thumb/v6-m/nofp\libgcc.a(subdf3.o)
 .ARM.attributes
                0x00000000000005df       0x2c C:/ST/STM32CubeIDE_1.13.2/STM32CubeIDE/plugins/com.st.stm32cube.ide.mcu.externaltools.gnu-tools-for-stm32.11.3.rel1.win32_1.1.1.202309131626/tools/bin/../lib/gcc/arm-none-eabi/11.3.1/thumb/v6-m/nofp\libgcc.a(floatunsidf.o)
 .ARM.attributes
                0x000000000000060b       0x2c C:/ST/STM32CubeIDE_1.13.2/STM32CubeIDE/plugins/com.st.stm32cube.ide.mcu.externaltools.gnu-tools-for-stm32.11.3.rel1.win32_1.1.1.202309131626/tools/bin/../lib/gcc/arm-none-eabi/11.3.1/thumb/v6-m/nofp\libgcc.a(extendsfdf2.o)
 .ARM.attributes
                0x0000000000000637       0x2c C:/ST/STM32CubeIDE_1.13.2/STM32CubeIDE/plugins/com.st.stm32cube.ide.mcu.externaltools.gnu-tools-for-stm32.11.3.rel1.win32_1.1.1.202309131626/tools/bin/../lib/gcc/arm-none-eabi/11.3.1/thumb/v6-m/nofp\libgcc.a(truncdfsf2.o)
 .ARM.attributes
                0x0000000000000663       0x1e C:/ST/STM32CubeIDE_1.13.2/STM32CubeIDE/plugins/com.st.stm32cube.ide.mcu.externaltools.gnu-tools-for-stm32.11.3.rel1.win32_1.1.1.202309131626/tools/bin/../lib/gcc/arm-none-eabi/11.3.1/thumb/v6-m/nofp\libgcc.a(_clzsi2.o)
 .ARM.attributes
                0x0000000000000681       0x1e C:/ST/STM32CubeIDE_1.13.2/STM32CubeIDE/plugins/com.st.stm32cube.ide.mcu.externaltools.gnu-tools-for-stm32.11.3.rel1.win32_1.1.1.202309131626/tools/bin/../lib/gcc/arm-none-eabi/11.3.1/thumb/v6-m/nofp/crtn.o
OUTPUT(test-st7735.elf elf32-littlearm)
LOAD linker stubs
LOAD C:/ST/STM32CubeIDE_1.13.2/STM32CubeIDE/plugins/com.st.stm32cube.ide.mcu.externaltools.gnu-tools-for-stm32.11.3.rel1.win32_1.1.1.202309131626/tools/bin/../lib/gcc/arm-none-eabi/11.3.1/../../../../arm-none-eabi/lib/thumb/v6-m/nofp\libc.a
LOAD C:/ST/STM32CubeIDE_1.13.2/STM32CubeIDE/plugins/com.st.stm32cube.ide.mcu.externaltools.gnu-tools-for-stm32.11.3.rel1.win32_1.1.1.202309131626/tools/bin/../lib/gcc/arm-none-eabi/11.3.1/../../../../arm-none-eabi/lib/thumb/v6-m/nofp\libm.a
LOAD C:/ST/STM32CubeIDE_1.13.2/STM32CubeIDE/plugins/com.st.stm32cube.ide.mcu.externaltools.gnu-tools-for-stm32.11.3.rel1.win32_1.1.1.202309131626/tools/bin/../lib/gcc/arm-none-eabi/11.3.1/thumb/v6-m/nofp\libgcc.a

.comment        0x0000000000000000       0x43
 .comment       0x0000000000000000       0x43 C:/ST/STM32CubeIDE_1.13.2/STM32CubeIDE/plugins/com.st.stm32cube.ide.mcu.externaltools.gnu-tools-for-stm32.11.3.rel1.win32_1.1.1.202309131626/tools/bin/../lib/gcc/arm-none-eabi/11.3.1/thumb/v6-m/nofp/crtbegin.o
                                         0x44 (size before relaxing)
 .comment       0x0000000000000043       0x44 ./Core/Src/GFX_FUNCTIONS.o
 .comment       0x0000000000000043       0x44 ./Core/Src/ST7735.o
 .comment       0x0000000000000043       0x44 ./Core/Src/fonts.o
 .comment       0x0000000000000043       0x44 ./Core/Src/main.o
 .comment       0x0000000000000043       0x44 ./Core/Src/pH_meter.o
 .comment       0x0000000000000043       0x44 ./Core/Src/stm32f0xx_hal_msp.o
 .comment       0x0000000000000043       0x44 ./Core/Src/stm32f0xx_it.o
 .comment       0x0000000000000043       0x44 ./Core/Src/system_stm32f0xx.o
 .comment       0x0000000000000043       0x44 ./Core/Src/user_sysfunc.o
 .comment       0x0000000000000043       0x44 ./Drivers/STM32F0xx_HAL_Driver/Src/stm32f0xx_hal.o
 .comment       0x0000000000000043       0x44 ./Drivers/STM32F0xx_HAL_Driver/Src/stm32f0xx_hal_adc.o
 .comment       0x0000000000000043       0x44 ./Drivers/STM32F0xx_HAL_Driver/Src/stm32f0xx_hal_cortex.o
 .comment       0x0000000000000043       0x44 ./Drivers/STM32F0xx_HAL_Driver/Src/stm32f0xx_hal_gpio.o
 .comment       0x0000000000000043       0x44 ./Drivers/STM32F0xx_HAL_Driver/Src/stm32f0xx_hal_rcc.o
 .comment       0x0000000000000043       0x44 ./Drivers/STM32F0xx_HAL_Driver/Src/stm32f0xx_hal_spi.o

.debug_info     0x0000000000000000     0x834e
 .debug_info    0x0000000000000000      0xe3f ./Core/Src/GFX_FUNCTIONS.o
 .debug_info    0x0000000000000e3f      0xcb2 ./Core/Src/ST7735.o
 .debug_info    0x0000000000001af1      0x19a ./Core/Src/fonts.o
 .debug_info    0x0000000000001c8b      0xdf7 ./Core/Src/main.o
 .debug_info    0x0000000000002a82      0xad2 ./Core/Src/pH_meter.o
 .debug_info    0x0000000000003554      0xb0f ./Core/Src/stm32f0xx_hal_msp.o
 .debug_info    0x0000000000004063       0xd3 ./Core/Src/stm32f0xx_it.o
 .debug_info    0x0000000000004136      0x242 ./Core/Src/system_stm32f0xx.o
 .debug_info    0x0000000000004378      0x1b1 ./Core/Src/user_sysfunc.o
 .debug_info    0x0000000000004529       0x23 ./Core/Startup/startup_stm32f030cctx.o
 .debug_info    0x000000000000454c      0x67c ./Drivers/STM32F0xx_HAL_Driver/Src/stm32f0xx_hal.o
 .debug_info    0x0000000000004bc8      0xc9a ./Drivers/STM32F0xx_HAL_Driver/Src/stm32f0xx_hal_adc.o
 .debug_info    0x0000000000005862      0x6a7 ./Drivers/STM32F0xx_HAL_Driver/Src/stm32f0xx_hal_cortex.o
 .debug_info    0x0000000000005f09      0x5bf ./Drivers/STM32F0xx_HAL_Driver/Src/stm32f0xx_hal_gpio.o
 .debug_info    0x00000000000064c8      0x844 ./Drivers/STM32F0xx_HAL_Driver/Src/stm32f0xx_hal_rcc.o
 .debug_info    0x0000000000006d0c     0x1642 ./Drivers/STM32F0xx_HAL_Driver/Src/stm32f0xx_hal_spi.o

.debug_abbrev   0x0000000000000000     0x1c14
 .debug_abbrev  0x0000000000000000      0x1b0 ./Core/Src/GFX_FUNCTIONS.o
 .debug_abbrev  0x00000000000001b0      0x26e ./Core/Src/ST7735.o
 .debug_abbrev  0x000000000000041e       0xb3 ./Core/Src/fonts.o
 .debug_abbrev  0x00000000000004d1      0x2a1 ./Core/Src/main.o
 .debug_abbrev  0x0000000000000772      0x2a8 ./Core/Src/pH_meter.o
 .debug_abbrev  0x0000000000000a1a      0x1a5 ./Core/Src/stm32f0xx_hal_msp.o
 .debug_abbrev  0x0000000000000bbf       0x73 ./Core/Src/stm32f0xx_it.o
 .debug_abbrev  0x0000000000000c32      0x11c ./Core/Src/system_stm32f0xx.o
 .debug_abbrev  0x0000000000000d4e      0x101 ./Core/Src/user_sysfunc.o
 .debug_abbrev  0x0000000000000e4f       0x12 ./Core/Startup/startup_stm32f030cctx.o
 .debug_abbrev  0x0000000000000e61      0x24b ./Drivers/STM32F0xx_HAL_Driver/Src/stm32f0xx_hal.o
 .debug_abbrev  0x00000000000010ac      0x210 ./Drivers/STM32F0xx_HAL_Driver/Src/stm32f0xx_hal_adc.o
 .debug_abbrev  0x00000000000012bc      0x28c ./Drivers/STM32F0xx_HAL_Driver/Src/stm32f0xx_hal_cortex.o
 .debug_abbrev  0x0000000000001548      0x1ca ./Drivers/STM32F0xx_HAL_Driver/Src/stm32f0xx_hal_gpio.o
 .debug_abbrev  0x0000000000001712      0x28b ./Drivers/STM32F0xx_HAL_Driver/Src/stm32f0xx_hal_rcc.o
 .debug_abbrev  0x000000000000199d      0x277 ./Drivers/STM32F0xx_HAL_Driver/Src/stm32f0xx_hal_spi.o

.debug_aranges  0x0000000000000000      0x890
 .debug_aranges
                0x0000000000000000      0x100 ./Core/Src/GFX_FUNCTIONS.o
 .debug_aranges
                0x0000000000000100       0x90 ./Core/Src/ST7735.o
 .debug_aranges
                0x0000000000000190       0x18 ./Core/Src/fonts.o
 .debug_aranges
                0x00000000000001a8       0x48 ./Core/Src/main.o
 .debug_aranges
                0x00000000000001f0       0x68 ./Core/Src/pH_meter.o
 .debug_aranges
                0x0000000000000258       0x40 ./Core/Src/stm32f0xx_hal_msp.o
 .debug_aranges
                0x0000000000000298       0x40 ./Core/Src/stm32f0xx_it.o
 .debug_aranges
                0x00000000000002d8       0x28 ./Core/Src/system_stm32f0xx.o
 .debug_aranges
                0x0000000000000300       0x30 ./Core/Src/user_sysfunc.o
 .debug_aranges
                0x0000000000000330       0x28 ./Core/Startup/startup_stm32f030cctx.o
 .debug_aranges
                0x0000000000000358       0xd0 ./Drivers/STM32F0xx_HAL_Driver/Src/stm32f0xx_hal.o
 .debug_aranges
                0x0000000000000428       0xf8 ./Drivers/STM32F0xx_HAL_Driver/Src/stm32f0xx_hal_adc.o
 .debug_aranges
                0x0000000000000520       0xc0 ./Drivers/STM32F0xx_HAL_Driver/Src/stm32f0xx_hal_cortex.o
 .debug_aranges
                0x00000000000005e0       0x58 ./Drivers/STM32F0xx_HAL_Driver/Src/stm32f0xx_hal_gpio.o
 .debug_aranges
                0x0000000000000638       0x80 ./Drivers/STM32F0xx_HAL_Driver/Src/stm32f0xx_hal_rcc.o
 .debug_aranges
                0x00000000000006b8      0x1d8 ./Drivers/STM32F0xx_HAL_Driver/Src/stm32f0xx_hal_spi.o

.debug_rnglists
                0x0000000000000000      0x66f
 .debug_rnglists
                0x0000000000000000       0xcf ./Core/Src/GFX_FUNCTIONS.o
 .debug_rnglists
                0x00000000000000cf       0x6f ./Core/Src/ST7735.o
 .debug_rnglists
                0x000000000000013e       0x34 ./Core/Src/main.o
 .debug_rnglists
                0x0000000000000172       0x4f ./Core/Src/pH_meter.o
 .debug_rnglists
                0x00000000000001c1       0x2d ./Core/Src/stm32f0xx_hal_msp.o
 .debug_rnglists
                0x00000000000001ee       0x2b ./Core/Src/stm32f0xx_it.o
 .debug_rnglists
                0x0000000000000219       0x1a ./Core/Src/system_stm32f0xx.o
 .debug_rnglists
                0x0000000000000233       0x20 ./Core/Src/user_sysfunc.o
 .debug_rnglists
                0x0000000000000253       0x19 ./Core/Startup/startup_stm32f030cctx.o
 .debug_rnglists
                0x000000000000026c       0x97 ./Drivers/STM32F0xx_HAL_Driver/Src/stm32f0xx_hal.o
 .debug_rnglists
                0x0000000000000303       0xc6 ./Drivers/STM32F0xx_HAL_Driver/Src/stm32f0xx_hal_adc.o
 .debug_rnglists
                0x00000000000003c9       0x8c ./Drivers/STM32F0xx_HAL_Driver/Src/stm32f0xx_hal_cortex.o
 .debug_rnglists
                0x0000000000000455       0x3f ./Drivers/STM32F0xx_HAL_Driver/Src/stm32f0xx_hal_gpio.o
 .debug_rnglists
                0x0000000000000494       0x61 ./Drivers/STM32F0xx_HAL_Driver/Src/stm32f0xx_hal_rcc.o
 .debug_rnglists
                0x00000000000004f5      0x17a ./Drivers/STM32F0xx_HAL_Driver/Src/stm32f0xx_hal_spi.o

.debug_macro    0x0000000000000000    0x1124f
 .debug_macro   0x0000000000000000      0x2bd ./Core/Src/GFX_FUNCTIONS.o
 .debug_macro   0x00000000000002bd      0xa7e ./Core/Src/GFX_FUNCTIONS.o
 .debug_macro   0x0000000000000d3b       0x22 ./Core/Src/GFX_FUNCTIONS.o
 .debug_macro   0x0000000000000d5d       0x8e ./Core/Src/GFX_FUNCTIONS.o
 .debug_macro   0x0000000000000deb       0x51 ./Core/Src/GFX_FUNCTIONS.o
 .debug_macro   0x0000000000000e3c      0x103 ./Core/Src/GFX_FUNCTIONS.o
 .debug_macro   0x0000000000000f3f       0x6a ./Core/Src/GFX_FUNCTIONS.o
 .debug_macro   0x0000000000000fa9      0x1df ./Core/Src/GFX_FUNCTIONS.o
 .debug_macro   0x0000000000001188       0x2e ./Core/Src/GFX_FUNCTIONS.o
 .debug_macro   0x00000000000011b6       0x22 ./Core/Src/GFX_FUNCTIONS.o
 .debug_macro   0x00000000000011d8       0x1c ./Core/Src/GFX_FUNCTIONS.o
 .debug_macro   0x00000000000011f4       0x22 ./Core/Src/GFX_FUNCTIONS.o
 .debug_macro   0x0000000000001216       0xaf ./Core/Src/GFX_FUNCTIONS.o
 .debug_macro   0x00000000000012c5      0x391 ./Core/Src/GFX_FUNCTIONS.o
 .debug_macro   0x0000000000001656     0x785b ./Core/Src/GFX_FUNCTIONS.o
 .debug_macro   0x0000000000008eb1       0x66 ./Core/Src/GFX_FUNCTIONS.o
 .debug_macro   0x0000000000008f17      0x133 ./Core/Src/GFX_FUNCTIONS.o
 .debug_macro   0x000000000000904a     0x34be ./Core/Src/GFX_FUNCTIONS.o
 .debug_macro   0x000000000000c508      0x174 ./Core/Src/GFX_FUNCTIONS.o
 .debug_macro   0x000000000000c67c       0x55 ./Core/Src/GFX_FUNCTIONS.o
 .debug_macro   0x000000000000c6d1      0x924 ./Core/Src/GFX_FUNCTIONS.o
 .debug_macro   0x000000000000cff5      0x289 ./Core/Src/GFX_FUNCTIONS.o
 .debug_macro   0x000000000000d27e      0x1ae ./Core/Src/GFX_FUNCTIONS.o
 .debug_macro   0x000000000000d42c      0x153 ./Core/Src/GFX_FUNCTIONS.o
 .debug_macro   0x000000000000d57f      0x1a0 ./Core/Src/GFX_FUNCTIONS.o
 .debug_macro   0x000000000000d71f      0x1bc ./Core/Src/GFX_FUNCTIONS.o
 .debug_macro   0x000000000000d8db      0x1dd ./Core/Src/GFX_FUNCTIONS.o
 .debug_macro   0x000000000000dab8       0x3c ./Core/Src/GFX_FUNCTIONS.o
 .debug_macro   0x000000000000daf4       0x28 ./Core/Src/GFX_FUNCTIONS.o
 .debug_macro   0x000000000000db1c      0x33d ./Core/Src/GFX_FUNCTIONS.o
 .debug_macro   0x000000000000de59       0xc2 ./Core/Src/GFX_FUNCTIONS.o
 .debug_macro   0x000000000000df1b       0xb0 ./Core/Src/GFX_FUNCTIONS.o
 .debug_macro   0x000000000000dfcb      0x217 ./Core/Src/GFX_FUNCTIONS.o
 .debug_macro   0x000000000000e1e2      0x22c ./Core/Src/GFX_FUNCTIONS.o
 .debug_macro   0x000000000000e40e       0x61 ./Core/Src/GFX_FUNCTIONS.o
 .debug_macro   0x000000000000e46f       0xa5 ./Core/Src/GFX_FUNCTIONS.o
 .debug_macro   0x000000000000e514       0x4c ./Core/Src/GFX_FUNCTIONS.o
 .debug_macro   0x000000000000e560       0x49 ./Core/Src/GFX_FUNCTIONS.o
 .debug_macro   0x000000000000e5a9      0x2fe ./Core/Src/GFX_FUNCTIONS.o
 .debug_macro   0x000000000000e8a7      0x10d ./Core/Src/GFX_FUNCTIONS.o
 .debug_macro   0x000000000000e9b4       0x22 ./Core/Src/GFX_FUNCTIONS.o
 .debug_macro   0x000000000000e9d6      0x190 ./Core/Src/GFX_FUNCTIONS.o
 .debug_macro   0x000000000000eb66       0x24 ./Core/Src/GFX_FUNCTIONS.o
 .debug_macro   0x000000000000eb8a       0x61 ./Core/Src/GFX_FUNCTIONS.o
 .debug_macro   0x000000000000ebeb       0x43 ./Core/Src/GFX_FUNCTIONS.o
 .debug_macro   0x000000000000ec2e       0x34 ./Core/Src/GFX_FUNCTIONS.o
 .debug_macro   0x000000000000ec62       0x16 ./Core/Src/GFX_FUNCTIONS.o
 .debug_macro   0x000000000000ec78       0x35 ./Core/Src/GFX_FUNCTIONS.o
 .debug_macro   0x000000000000ecad       0x16 ./Core/Src/GFX_FUNCTIONS.o
 .debug_macro   0x000000000000ecc3       0x43 ./Core/Src/GFX_FUNCTIONS.o
 .debug_macro   0x000000000000ed06       0x34 ./Core/Src/GFX_FUNCTIONS.o
 .debug_macro   0x000000000000ed3a       0x10 ./Core/Src/GFX_FUNCTIONS.o
 .debug_macro   0x000000000000ed4a       0x58 ./Core/Src/GFX_FUNCTIONS.o
 .debug_macro   0x000000000000eda2       0x8e ./Core/Src/GFX_FUNCTIONS.o
 .debug_macro   0x000000000000ee30       0x1c ./Core/Src/GFX_FUNCTIONS.o
 .debug_macro   0x000000000000ee4c      0x177 ./Core/Src/GFX_FUNCTIONS.o
 .debug_macro   0x000000000000efc3      0x369 ./Core/Src/GFX_FUNCTIONS.o
 .debug_macro   0x000000000000f32c       0x16 ./Core/Src/GFX_FUNCTIONS.o
 .debug_macro   0x000000000000f342       0x29 ./Core/Src/GFX_FUNCTIONS.o
 .debug_macro   0x000000000000f36b      0x1e5 ./Core/Src/ST7735.o
 .debug_macro   0x000000000000f550       0x6d ./Core/Src/fonts.o
 .debug_macro   0x000000000000f5bd      0x207 ./Core/Src/main.o
 .debug_macro   0x000000000000f7c4       0x7c ./Core/Src/main.o
 .debug_macro   0x000000000000f840       0x22 ./Core/Src/main.o
 .debug_macro   0x000000000000f862      0x2e3 ./Core/Src/pH_meter.o
 .debug_macro   0x000000000000fb45       0x5b ./Core/Src/pH_meter.o
 .debug_macro   0x000000000000fba0       0x94 ./Core/Src/pH_meter.o
 .debug_macro   0x000000000000fc34       0x16 ./Core/Src/pH_meter.o
 .debug_macro   0x000000000000fc4a       0x57 ./Core/Src/pH_meter.o
 .debug_macro   0x000000000000fca1       0x97 ./Core/Src/pH_meter.o
 .debug_macro   0x000000000000fd38       0xfd ./Core/Src/pH_meter.o
 .debug_macro   0x000000000000fe35       0x10 ./Core/Src/pH_meter.o
 .debug_macro   0x000000000000fe45       0x16 ./Core/Src/pH_meter.o
 .debug_macro   0x000000000000fe5b       0x16 ./Core/Src/pH_meter.o
 .debug_macro   0x000000000000fe71      0x147 ./Core/Src/pH_meter.o
 .debug_macro   0x000000000000ffb8       0x4f ./Core/Src/pH_meter.o
 .debug_macro   0x0000000000010007      0x1d2 ./Core/Src/stm32f0xx_hal_msp.o
 .debug_macro   0x00000000000101d9      0x1dc ./Core/Src/stm32f0xx_it.o
 .debug_macro   0x00000000000103b5      0x1c3 ./Core/Src/system_stm32f0xx.o
 .debug_macro   0x0000000000010578      0x1dc ./Core/Src/user_sysfunc.o
 .debug_macro   0x0000000000010754      0x1e7 ./Drivers/STM32F0xx_HAL_Driver/Src/stm32f0xx_hal.o
 .debug_macro   0x000000000001093b      0x1e7 ./Drivers/STM32F0xx_HAL_Driver/Src/stm32f0xx_hal_adc.o
 .debug_macro   0x0000000000010b22      0x1c3 ./Drivers/STM32F0xx_HAL_Driver/Src/stm32f0xx_hal_cortex.o
 .debug_macro   0x0000000000010ce5      0x1ca ./Drivers/STM32F0xx_HAL_Driver/Src/stm32f0xx_hal_gpio.o
 .debug_macro   0x0000000000010eaf      0x1d5 ./Drivers/STM32F0xx_HAL_Driver/Src/stm32f0xx_hal_rcc.o
 .debug_macro   0x0000000000011084      0x1cb ./Drivers/STM32F0xx_HAL_Driver/Src/stm32f0xx_hal_spi.o

.debug_line     0x0000000000000000     0xb827
 .debug_line    0x0000000000000000     0x155e ./Core/Src/GFX_FUNCTIONS.o
 .debug_line    0x000000000000155e      0xb74 ./Core/Src/ST7735.o
 .debug_line    0x00000000000020d2      0x40a ./Core/Src/fonts.o
 .debug_line    0x00000000000024dc      0x90e ./Core/Src/main.o
 .debug_line    0x0000000000002dea      0xb88 ./Core/Src/pH_meter.o
 .debug_line    0x0000000000003972      0x7f4 ./Core/Src/stm32f0xx_hal_msp.o
 .debug_line    0x0000000000004166      0x7c5 ./Core/Src/stm32f0xx_it.o
 .debug_line    0x000000000000492b      0x7d5 ./Core/Src/system_stm32f0xx.o
 .debug_line    0x0000000000005100      0x84e ./Core/Src/user_sysfunc.o
 .debug_line    0x000000000000594e       0x7b ./Core/Startup/startup_stm32f030cctx.o
 .debug_line    0x00000000000059c9      0x9db ./Drivers/STM32F0xx_HAL_Driver/Src/stm32f0xx_hal.o
 .debug_line    0x00000000000063a4     0x11fc ./Drivers/STM32F0xx_HAL_Driver/Src/stm32f0xx_hal_adc.o
 .debug_line    0x00000000000075a0      0xa87 ./Drivers/STM32F0xx_HAL_Driver/Src/stm32f0xx_hal_cortex.o
 .debug_line    0x0000000000008027      0xb56 ./Drivers/STM32F0xx_HAL_Driver/Src/stm32f0xx_hal_gpio.o
 .debug_line    0x0000000000008b7d      0xdc5 ./Drivers/STM32F0xx_HAL_Driver/Src/stm32f0xx_hal_rcc.o
 .debug_line    0x0000000000009942     0x1ee5 ./Drivers/STM32F0xx_HAL_Driver/Src/stm32f0xx_hal_spi.o

.debug_str      0x0000000000000000    0x64962
 .debug_str     0x0000000000000000    0x6201c ./Core/Src/GFX_FUNCTIONS.o
                                      0x622c9 (size before relaxing)
 .debug_str     0x000000000006201c      0x5f7 ./Core/Src/ST7735.o
                                      0x5f50d (size before relaxing)
 .debug_str     0x0000000000062613       0x51 ./Core/Src/fonts.o
                                       0x3c78 (size before relaxing)
 .debug_str     0x0000000000062664      0x66b ./Core/Src/main.o
                                      0x5f9c4 (size before relaxing)
 .debug_str     0x0000000000062ccf      0x846 ./Core/Src/pH_meter.o
                                      0x62ec5 (size before relaxing)
 .debug_str     0x0000000000063515       0x85 ./Core/Src/stm32f0xx_hal_msp.o
                                      0x5f1be (size before relaxing)
 .debug_str     0x000000000006359a       0x82 ./Core/Src/stm32f0xx_it.o
                                      0x5eb4a (size before relaxing)
 .debug_str     0x000000000006361c       0x8b ./Core/Src/system_stm32f0xx.o
                                      0x5e9ed (size before relaxing)
 .debug_str     0x00000000000636a7       0xc0 ./Core/Src/user_sysfunc.o
                                      0x5ec00 (size before relaxing)
 .debug_str     0x0000000000063767       0x34 ./Core/Startup/startup_stm32f030cctx.o
                                         0x77 (size before relaxing)
 .debug_str     0x000000000006379b      0x437 ./Drivers/STM32F0xx_HAL_Driver/Src/stm32f0xx_hal.o
                                      0x5ef99 (size before relaxing)
 .debug_str     0x0000000000063bd2      0x371 ./Drivers/STM32F0xx_HAL_Driver/Src/stm32f0xx_hal_adc.o
                                      0x5f10a (size before relaxing)
 .debug_str     0x0000000000063f43      0x196 ./Drivers/STM32F0xx_HAL_Driver/Src/stm32f0xx_hal_cortex.o
                                      0x5ed8a (size before relaxing)
 .debug_str     0x00000000000640d9      0x101 ./Drivers/STM32F0xx_HAL_Driver/Src/stm32f0xx_hal_gpio.o
                                      0x5eb8e (size before relaxing)
 .debug_str     0x00000000000641da      0x21a ./Drivers/STM32F0xx_HAL_Driver/Src/stm32f0xx_hal_rcc.o
                                      0x5ee29 (size before relaxing)
 .debug_str     0x00000000000643f4      0x56e ./Drivers/STM32F0xx_HAL_Driver/Src/stm32f0xx_hal_spi.o
                                      0x5f367 (size before relaxing)

.debug_frame    0x0000000000000000     0x2014
 .debug_frame   0x0000000000000000      0x400 ./Core/Src/GFX_FUNCTIONS.o
 .debug_frame   0x0000000000000400      0x1fc ./Core/Src/ST7735.o
 .debug_frame   0x00000000000005fc       0xc4 ./Core/Src/main.o
 .debug_frame   0x00000000000006c0      0x144 ./Core/Src/pH_meter.o
 .debug_frame   0x0000000000000804       0xb0 ./Core/Src/stm32f0xx_hal_msp.o
 .debug_frame   0x00000000000008b4       0x9c ./Core/Src/stm32f0xx_it.o
 .debug_frame   0x0000000000000950       0x4c ./Core/Src/system_stm32f0xx.o
 .debug_frame   0x000000000000099c       0x74 ./Core/Src/user_sysfunc.o
 .debug_frame   0x0000000000000a10      0x2a4 ./Drivers/STM32F0xx_HAL_Driver/Src/stm32f0xx_hal.o
 .debug_frame   0x0000000000000cb4      0x3a0 ./Drivers/STM32F0xx_HAL_Driver/Src/stm32f0xx_hal_adc.o
 .debug_frame   0x0000000000001054      0x2a0 ./Drivers/STM32F0xx_HAL_Driver/Src/stm32f0xx_hal_cortex.o
 .debug_frame   0x00000000000012f4      0x110 ./Drivers/STM32F0xx_HAL_Driver/Src/stm32f0xx_hal_gpio.o
 .debug_frame   0x0000000000001404      0x198 ./Drivers/STM32F0xx_HAL_Driver/Src/stm32f0xx_hal_rcc.o
 .debug_frame   0x000000000000159c      0x710 ./Drivers/STM32F0xx_HAL_Driver/Src/stm32f0xx_hal_spi.o
 .debug_frame   0x0000000000001cac       0x20 C:/ST/STM32CubeIDE_1.13.2/STM32CubeIDE/plugins/com.st.stm32cube.ide.mcu.externaltools.gnu-tools-for-stm32.11.3.rel1.win32_1.1.1.202309131626/tools/bin/../lib/gcc/arm-none-eabi/11.3.1/../../../../arm-none-eabi/lib/thumb/v6-m/nofp\libc_nano.a(libc_a-memset.o)
 .debug_frame   0x0000000000001ccc       0x2c C:/ST/STM32CubeIDE_1.13.2/STM32CubeIDE/plugins/com.st.stm32cube.ide.mcu.externaltools.gnu-tools-for-stm32.11.3.rel1.win32_1.1.1.202309131626/tools/bin/../lib/gcc/arm-none-eabi/11.3.1/../../../../arm-none-eabi/lib/thumb/v6-m/nofp\libc_nano.a(libc_a-init.o)
 .debug_frame   0x0000000000001cf8       0x20 C:/ST/STM32CubeIDE_1.13.2/STM32CubeIDE/plugins/com.st.stm32cube.ide.mcu.externaltools.gnu-tools-for-stm32.11.3.rel1.win32_1.1.1.202309131626/tools/bin/../lib/gcc/arm-none-eabi/11.3.1/thumb/v6-m/nofp\libgcc.a(_udivsi3.o)
 .debug_frame   0x0000000000001d18       0x20 C:/ST/STM32CubeIDE_1.13.2/STM32CubeIDE/plugins/com.st.stm32cube.ide.mcu.externaltools.gnu-tools-for-stm32.11.3.rel1.win32_1.1.1.202309131626/tools/bin/../lib/gcc/arm-none-eabi/11.3.1/thumb/v6-m/nofp\libgcc.a(_divsi3.o)
 .debug_frame   0x0000000000001d38       0x28 C:/ST/STM32CubeIDE_1.13.2/STM32CubeIDE/plugins/com.st.stm32cube.ide.mcu.externaltools.gnu-tools-for-stm32.11.3.rel1.win32_1.1.1.202309131626/tools/bin/../lib/gcc/arm-none-eabi/11.3.1/thumb/v6-m/nofp\libgcc.a(_fixunssfsi.o)
 .debug_frame   0x0000000000001d60       0x38 C:/ST/STM32CubeIDE_1.13.2/STM32CubeIDE/plugins/com.st.stm32cube.ide.mcu.externaltools.gnu-tools-for-stm32.11.3.rel1.win32_1.1.1.202309131626/tools/bin/../lib/gcc/arm-none-eabi/11.3.1/thumb/v6-m/nofp\libgcc.a(addsf3.o)
 .debug_frame   0x0000000000001d98       0x38 C:/ST/STM32CubeIDE_1.13.2/STM32CubeIDE/plugins/com.st.stm32cube.ide.mcu.externaltools.gnu-tools-for-stm32.11.3.rel1.win32_1.1.1.202309131626/tools/bin/../lib/gcc/arm-none-eabi/11.3.1/thumb/v6-m/nofp\libgcc.a(divsf3.o)
 .debug_frame   0x0000000000001dd0       0x2c C:/ST/STM32CubeIDE_1.13.2/STM32CubeIDE/plugins/com.st.stm32cube.ide.mcu.externaltools.gnu-tools-for-stm32.11.3.rel1.win32_1.1.1.202309131626/tools/bin/../lib/gcc/arm-none-eabi/11.3.1/thumb/v6-m/nofp\libgcc.a(eqsf2.o)
 .debug_frame   0x0000000000001dfc       0x2c C:/ST/STM32CubeIDE_1.13.2/STM32CubeIDE/plugins/com.st.stm32cube.ide.mcu.externaltools.gnu-tools-for-stm32.11.3.rel1.win32_1.1.1.202309131626/tools/bin/../lib/gcc/arm-none-eabi/11.3.1/thumb/v6-m/nofp\libgcc.a(gesf2.o)
 .debug_frame   0x0000000000001e28       0x2c C:/ST/STM32CubeIDE_1.13.2/STM32CubeIDE/plugins/com.st.stm32cube.ide.mcu.externaltools.gnu-tools-for-stm32.11.3.rel1.win32_1.1.1.202309131626/tools/bin/../lib/gcc/arm-none-eabi/11.3.1/thumb/v6-m/nofp\libgcc.a(lesf2.o)
 .debug_frame   0x0000000000001e54       0x38 C:/ST/STM32CubeIDE_1.13.2/STM32CubeIDE/plugins/com.st.stm32cube.ide.mcu.externaltools.gnu-tools-for-stm32.11.3.rel1.win32_1.1.1.202309131626/tools/bin/../lib/gcc/arm-none-eabi/11.3.1/thumb/v6-m/nofp\libgcc.a(mulsf3.o)
 .debug_frame   0x0000000000001e8c       0x34 C:/ST/STM32CubeIDE_1.13.2/STM32CubeIDE/plugins/com.st.stm32cube.ide.mcu.externaltools.gnu-tools-for-stm32.11.3.rel1.win32_1.1.1.202309131626/tools/bin/../lib/gcc/arm-none-eabi/11.3.1/thumb/v6-m/nofp\libgcc.a(subsf3.o)
 .debug_frame   0x0000000000001ec0       0x20 C:/ST/STM32CubeIDE_1.13.2/STM32CubeIDE/plugins/com.st.stm32cube.ide.mcu.externaltools.gnu-tools-for-stm32.11.3.rel1.win32_1.1.1.202309131626/tools/bin/../lib/gcc/arm-none-eabi/11.3.1/thumb/v6-m/nofp\libgcc.a(fixsfsi.o)
 .debug_frame   0x0000000000001ee0       0x38 C:/ST/STM32CubeIDE_1.13.2/STM32CubeIDE/plugins/com.st.stm32cube.ide.mcu.externaltools.gnu-tools-for-stm32.11.3.rel1.win32_1.1.1.202309131626/tools/bin/../lib/gcc/arm-none-eabi/11.3.1/thumb/v6-m/nofp\libgcc.a(adddf3.o)
 .debug_frame   0x0000000000001f18       0x3c C:/ST/STM32CubeIDE_1.13.2/STM32CubeIDE/plugins/com.st.stm32cube.ide.mcu.externaltools.gnu-tools-for-stm32.11.3.rel1.win32_1.1.1.202309131626/tools/bin/../lib/gcc/arm-none-eabi/11.3.1/thumb/v6-m/nofp\libgcc.a(muldf3.o)
 .debug_frame   0x0000000000001f54       0x3c C:/ST/STM32CubeIDE_1.13.2/STM32CubeIDE/plugins/com.st.stm32cube.ide.mcu.externaltools.gnu-tools-for-stm32.11.3.rel1.win32_1.1.1.202309131626/tools/bin/../lib/gcc/arm-none-eabi/11.3.1/thumb/v6-m/nofp\libgcc.a(subdf3.o)
 .debug_frame   0x0000000000001f90       0x28 C:/ST/STM32CubeIDE_1.13.2/STM32CubeIDE/plugins/com.st.stm32cube.ide.mcu.externaltools.gnu-tools-for-stm32.11.3.rel1.win32_1.1.1.202309131626/tools/bin/../lib/gcc/arm-none-eabi/11.3.1/thumb/v6-m/nofp\libgcc.a(floatunsidf.o)
 .debug_frame   0x0000000000001fb8       0x2c C:/ST/STM32CubeIDE_1.13.2/STM32CubeIDE/plugins/com.st.stm32cube.ide.mcu.externaltools.gnu-tools-for-stm32.11.3.rel1.win32_1.1.1.202309131626/tools/bin/../lib/gcc/arm-none-eabi/11.3.1/thumb/v6-m/nofp\libgcc.a(extendsfdf2.o)
 .debug_frame   0x0000000000001fe4       0x30 C:/ST/STM32CubeIDE_1.13.2/STM32CubeIDE/plugins/com.st.stm32cube.ide.mcu.externaltools.gnu-tools-for-stm32.11.3.rel1.win32_1.1.1.202309131626/tools/bin/../lib/gcc/arm-none-eabi/11.3.1/thumb/v6-m/nofp\libgcc.a(truncdfsf2.o)

.debug_line_str
                0x0000000000000000       0x6b
 .debug_line_str
                0x0000000000000000       0x6b ./Core/Startup/startup_stm32f030cctx.o
                                         0x83 (size before relaxing)
