../Core/Src/GFX_FUNCTIONS.c:22:6:drawPixel	24	static
../Core/Src/GFX_FUNCTIONS.c:27:6:fillRect	32	static
../Core/Src/GFX_FUNCTIONS.c:46:6:writePixel	24	static
../Core/Src/GFX_FUNCTIONS.c:51:6:writeLine	48	static
../Core/Src/GFX_FUNCTIONS.c:91:7:drawFastVLine	32	static
../Core/Src/GFX_FUNCTIONS.c:95:7:drawFastHLine	32	static
../Core/Src/GFX_FUNCTIONS.c:100:6:drawLine	40	static
../Core/Src/GFX_FUNCTIONS.c:113:6:drawCircle	40	static
../Core/Src/GFX_FUNCTIONS.c:147:6:drawCircleHelper	48	static
../Core/Src/GFX_FUNCTIONS.c:183:6:fillCircleHelper	40	static
../Core/Src/GFX_FUNCTIONS.c:220:6:fillCircle	32	static
../Core/Src/GFX_FUNCTIONS.c:228:6:drawRect	24	static
../Core/Src/GFX_FUNCTIONS.c:236:6:drawRoundRect	48	static
../Core/Src/GFX_FUNCTIONS.c:253:6:fillRoundRect	48	static
../Core/Src/GFX_FUNCTIONS.c:265:6:drawTriangle	40	static
../Core/Src/GFX_FUNCTIONS.c:273:6:fillTriangle	72	static
../Core/Src/GFX_FUNCTIONS.c:350:6:fillScreen	24	static
../Core/Src/GFX_FUNCTIONS.c:356:6:testLines	56	static
../Core/Src/GFX_FUNCTIONS.c:399:6:testFastLines	32	static
../Core/Src/GFX_FUNCTIONS.c:408:6:testRects	56	static
../Core/Src/GFX_FUNCTIONS.c:423:6:testFilledRects	56	static
../Core/Src/GFX_FUNCTIONS.c:440:6:testFilledCircles	40	static
../Core/Src/GFX_FUNCTIONS.c:453:6:testCircles	40	static
../Core/Src/GFX_FUNCTIONS.c:469:6:testTriangles	56	static
../Core/Src/GFX_FUNCTIONS.c:486:6:testFilledTriangles	64	static
../Core/Src/GFX_FUNCTIONS.c:499:6:testRoundRects	56	static
../Core/Src/GFX_FUNCTIONS.c:516:6:testFilledRoundRects	56	static
../Core/Src/GFX_FUNCTIONS.c:531:6:testFillScreen	8	static
../Core/Src/GFX_FUNCTIONS.c:540:6:testAll	8	static
