../Core/Src/pH_meter.c:41:6:pHMeter_process	24	static
../Core/Src/pH_meter.c:88:6:pH_read	40	static
../Core/Src/pH_meter.c:136:6:idlePage	24	static
../Core/Src/pH_meter.c:164:6:mainPage	48	static
../Core/Src/pH_meter.c:252:6:circuitCalibPage	48	static
../Core/Src/pH_meter.c:301:16:processStatus_update	8	static
../Core/Src/pH_meter.c:330:13:pHStatus_update	8	static
../Core/Src/pH_meter.c:347:13:mainPage_graphics	8	static
../Core/Src/pH_meter.c:359:13:circuitCalibPage_graphics	8	static
../Core/Src/pH_meter.c:371:13:pageTitle_graphics	48	static
../Core/Src/pH_meter.c:401:13:colorBar_graphics	24	static
../Core/Src/pH_meter.c:436:13:orizzIndicators_graphics	32	static
