../Core/Src/pH_meter.c:45:6:pHMeter_process	24	static
../Core/Src/pH_meter.c:93:6:pH_read	40	static
../Core/Src/pH_meter.c:141:6:idlePage	24	static
../Core/Src/pH_meter.c:169:6:mainPage	48	static
../Core/Src/pH_meter.c:257:6:circuitCalibPage	64	static
../Core/Src/pH_meter.c:329:6:softwareCalibPage	16	static
../Core/Src/pH_meter.c:355:16:processStatus_update	8	static
../Core/Src/pH_meter.c:384:13:pHStatus_update	8	static
../Core/Src/pH_meter.c:401:13:mainPage_graphics	8	static
../Core/Src/pH_meter.c:413:13:circuitCalibPage_graphics	8	static
../Core/Src/pH_meter.c:425:13:softwareCalibPage_graphics	48	static
../Core/Src/pH_meter.c:450:13:pageTitle_graphics	48	static
../Core/Src/pH_meter.c:482:13:colorBar_graphics	24	static
../Core/Src/pH_meter.c:517:13:orizzIndicators_graphics	32	static
