../Core/Src/v_eeprom.c:42:6:ee_init	8	static
../Core/Src/v_eeprom.c:56:6:readAppDataFromEE	24	static
../Core/Src/v_eeprom.c:99:6:writeAppDataToEE	8	static
../Core/Src/v_eeprom.c:110:7:readFloatFromEE	24	static
../Core/Src/v_eeprom.c:131:9:readByteFromEE	24	static
../Core/Src/v_eeprom.c:148:6:writeFloatToEE	32	static
../Core/Src/v_eeprom.c:165:22:getByteEe	16	static
../Core/Src/v_eeprom.c:176:22:setHalfWorldEe	16	static
../Core/Src/v_eeprom.c:188:13:ee_format	32	static
../Core/Src/v_eeprom.c:231:13:ee_read	32	static
../Core/Src/v_eeprom.c:261:13:ee_write	40	static
